// Jest Snapshot v1, https://goo.gl/fbAQLP

exports[`rendering of static texts 1`] = `
.c10 {
  line-height: 1.5;
  margin: 0;
  display: inline-flex;
  justify-content: center;
  align-items: center;
  box-sizing: border-box;
  border: none;
  border-radius: 4px;
  cursor: pointer;
  font-family: inherit;
  font-weight: 600;
  outline: none;
  position: relative;
  text-align: center;
  text-decoration: none;
  text-transform: uppercase;
  transition: all 0.3s;
  -webkit-font-smoothing: antialiased;
  background: #512FC9;
  color: rgba(255,255,255,0.87);
  font-size: 10px;
  min-height: 24px;
  padding: 0px 16px;
}

.c10:active {
  opacity: 0.56;
}

.c10:hover,
.c10:focus {
  background: #651FFF;
}

.c10:active {
  background: #354AA4;
}

.c10:disabled {
  background: rgba(255,255,255,0.12);
  color: rgba(255,255,255,0.3);
}

.c15 {
  line-height: 1.5;
  margin: 0;
  display: inline-flex;
  justify-content: center;
  align-items: center;
  box-sizing: border-box;
  border: none;
  border-radius: 4px;
  cursor: pointer;
  font-family: inherit;
  font-weight: 600;
  outline: none;
  position: relative;
  text-align: center;
  text-decoration: none;
  text-transform: uppercase;
  transition: all 0.3s;
  -webkit-font-smoothing: antialiased;
  background: #512FC9;
  color: rgba(255,255,255,0.87);
  min-height: 32px;
  font-size: 12px;
  padding: 0px 24px;
}

.c15:active {
  opacity: 0.56;
}

.c15:hover,
.c15:focus {
  background: #651FFF;
}

.c15:active {
  background: #354AA4;
}

.c15:disabled {
  background: rgba(255,255,255,0.12);
  color: rgba(255,255,255,0.3);
}

.c7 {
  color: #FFFFFF;
  display: block;
  font-size: 11px;
  font-weight: 500;
  text-transform: uppercase;
  width: 100%;
  margin-bottom: 4px;
}

.c5 {
  overflow: hidden;
  text-overflow: ellipsis;
  font-weight: 300;
  font-size: 22px;
  line-height: 32px;
  text-transform: uppercase;
  margin: 0px;
  color: rgba(255,255,255,0.87);
}

.c9 {
  overflow: hidden;
  text-overflow: ellipsis;
  margin: 0px;
  margin-right: 16px;
}

.c12 {
  overflow: hidden;
  text-overflow: ellipsis;
  font-weight: 600;
  font-size: 12px;
  line-height: 16px;
  margin: 0px;
}

.c13 {
  overflow: hidden;
  text-overflow: ellipsis;
  font-weight: 400;
  font-size: 12px;
  line-height: 16px;
  margin: 0px;
}

.c8 {
  box-sizing: border-box;
  margin-bottom: 32px;
  padding: 8px;
  background-color: #222C59;
  display: flex;
  align-items: center;
  justify-content: space-between;
}

.c11 {
  box-sizing: border-box;
  margin-bottom: 16px;
  display: flex;
}

.c1 {
  z-index: -1;
  position: fixed;
  right: 0;
  bottom: 0;
  top: 0;
  left: 0;
  background-color: rgba(0,0,0,0.5);
  opacity: 1;
  touch-action: none;
}

.c0 {
  position: fixed;
  z-index: 1200;
  right: 0;
  bottom: 0;
  top: 0;
  left: 0;
}

.c2 {
  height: 100%;
  outline: none;
  color: black;
  display: flex;
  align-items: center;
  justify-content: center;
  opacity: 1;
  will-change: opacity;
  transition: opacity 225ms cubic-bezier(0.4,0,0.2,1) 0ms;
}

.c3 {
  padding: 32px;
  padding-top: 24px;
  background: #1C254D;
  color: rgba(255,255,255,0.87);
  border-radius: 8px;
  box-shadow: 0 8px 32px rgba(0,0,0,0.24);
  display: flex;
  flex-direction: column;
  position: relative;
  overflow-y: auto;
  max-height: calc(100% - 96px);
  max-width: 600px;
  minWidth: 400px;
  width: 100%;
}

.c4 {
  box-sizing: border-box;
  margin-bottom: 16px;
  min-height: 32px;
  display: flex;
  align-items: center;
}

.c6 {
  box-sizing: border-box;
  margin-bottom: 32px;
  flex: 1;
  display: flex;
  flex-direction: column;
}

.c14 {
  box-sizing: border-box;
}

<div
  class="c0"
  data-testid="Modal"
>
  <div
    aria-hidden="true"
    class="c1"
    data-testid="backdrop"
  />
  <div
    class="c2"
  >
    <div
      class="c3"
      data-testid="dialogbox"
    >
      <div
        class="sc-AxirZ c4"
      >
        <div
          class="c5"
          color="text.primary"
        >
          Cluster Information
        </div>
      </div>
      <div
        class="sc-AxirZ c6"
      >
        <label
          class="c7"
          font-size="0"
        >
          Public URL
        </label>
        <div
          class="sc-AxirZ c8"
        >
          <div
            class="c9"
            style="word-break: break-all;"
          >
            some.kind.of.host:8080
          </div>
          <button
            class="c10"
            kind="primary"
          >
            Copy
          </button>
        </div>
        <div
          class="sc-AxirZ c11"
        >
          <div
            class="c12"
            style="width: 150px;"
          >
            Cluster Name
            :
          </div>
          <div
            class="c13"
          >
            applePie
          </div>
        </div>
        <div
          class="sc-AxirZ c11"
        >
          <div
            class="c12"
            style="width: 150px;"
          >
            Auth Service Version
            :
          </div>
          <div
            class="c13"
          >
            5.0.0
          </div>
        </div>
        <div
          class="sc-AxirZ c11"
        >
          <div
            class="c12"
            style="width: 150px;"
          >
            Proxy Service Version
            :
          </div>
          <div
            class="c13"
          >
            4.2.2
          </div>
        </div>
      </div>
      <div
        class="sc-AxirZ c14"
      >
        <button
          class="c15"
          kind="primary"
        >
          Done
        </button>
      </div>
    </div>
  </div>
</div>
`;
