// Jest Snapshot v1, https://goo.gl/fbAQLP

exports[`snapshot tests 1`] = `
.c0 {
  box-sizing: border-box;
  margin-bottom: 40px;
}

.c6 {
  display: inline-block;
  transition: color 0.3s;
  color: #FFFFFF;
  font-size: 18px;
}

.c3 {
  appearance: none;
  border: none;
  border-radius: 4px;
  box-shadow: inset 0 2px 4px rgba(0,0,0,0.24);
  box-sizing: border-box;
  display: block;
  height: 40px;
  font-size: 16px;
  padding: 0 16px;
  outline: none;
  width: 100%;
  color: #324148;
  background-color: #FFFFFF;
  margin-top: 4px;
  border: 2px solid #ff1744;
  padding: 10px 14px;
}

.c3::-ms-clear {
  display: none;
}

.c3::placeholder {
  opacity: 0.4;
}

.c3:read-only {
  cursor: not-allowed;
}

.c1 {
  color: #ff1744;
  display: block;
  font-size: 11px;
  font-weight: 500;
  text-transform: uppercase;
  width: 100%;
  margin-bottom: 0px;
}

.c2 {
  overflow: hidden;
  text-overflow: ellipsis;
  margin: 0px;
}

.c5 {
  vertical-align: middle;
  display: inline-block;
  height: 18px;
}

.c5:hover {
  cursor: pointer;
}

.c4 {
  margin-right: 4px;
  vertical-align: middle;
}

<div>
  <div
    class="c0"
    name="optional name"
  >
    <label
      class="c1"
      font-size="0"
    >
      errorMsg
      <span
        class="c2"
        style="font-weight: normal;"
      >
         - Optional tabel tip
      </span>
      <input
        autocomplete="off"
        class="c3"
        color="text.onLight"
        inputmode="text"
        type="text"
        value="value"
      />
    </label>
  </div>
  <div
    class="c0"
    name="optional name"
  >
    <label
      class="c1"
      font-size="0"
    >
      errorMsg
      <input
        autocomplete="off"
        class="c3"
        color="text.onLight"
        inputmode="text"
        placeholder="placeholder"
        type="text"
        value=""
      />
    </label>
  </div>
  <div
    class="c0"
    name="optional name"
  >
    <label
      class="c1"
      font-size="0"
    >
      <span
        class="c4"
      >
        errorMsg
      </span>
      <span
        class="c5"
      >
        <span
          class="c6 icon icon-info_outline "
          color="light"
          font-size="4"
        />
      </span>
      <input
        autocomplete="off"
        class="c3"
        color="text.onLight"
        inputmode="text"
        placeholder="placeholder"
        type="text"
        value=""
      />
    </label>
  </div>
  <div
    class="c0"
    name="optional name"
  >
    <label
      class="c1"
      font-size="0"
    >
      <span
        class="c4"
      >
        errorMsg
        <span
          class="c2"
          style="font-weight: normal;"
        >
           - the label tip
        </span>
      </span>
      <span
        class="c5"
      >
        <span
          class="c6 icon icon-info_outline "
          color="light"
          font-size="4"
        />
      </span>
      <input
        autocomplete="off"
        class="c3"
        color="text.onLight"
        inputmode="text"
        placeholder="placeholder"
        type="text"
        value=""
      />
    </label>
  </div>
  <div
    class="c0"
  >
    <input
      autocomplete="off"
      class="c3"
      color="text.onLight"
      inputmode="text"
      placeholder="without label"
      type="text"
      value=""
    />
  </div>
</div>
`;
