// Jest Snapshot v1, https://goo.gl/fbAQLP

exports[`teleport/components/Invite should render form with token requirement when auth2fatype is on 1`] = `
.c3 {
  box-sizing: border-box;
  padding: 40px;
  flex: 3;
}

.c6 {
  box-sizing: border-box;
  margin-bottom: 24px;
}

.c10 {
  box-sizing: border-box;
  margin-bottom: 24px;
  width: 50%;
}

.c12 {
  box-sizing: border-box;
  padding: 40px;
  background-color: #1C254D;
  flex: 1;
  border-top-right-radius: 8px;
  border-bottom-right-radius: 8px;
}

.c11 {
  line-height: 1.5;
  margin: 0;
  display: inline-flex;
  justify-content: center;
  align-items: center;
  box-sizing: border-box;
  border: none;
  border-radius: 4px;
  cursor: pointer;
  font-family: inherit;
  font-weight: 600;
  outline: none;
  position: relative;
  text-align: center;
  text-decoration: none;
  text-transform: uppercase;
  transition: all 0.3s;
  -webkit-font-smoothing: antialiased;
  background: #512FC9;
  color: rgba(255,255,255,0.87);
  min-height: 40px;
  font-size: 12px;
  padding: 0px 40px;
  margin-top: 16px;
  width: 100%;
}

.c11:active {
  opacity: 0.56;
}

.c11:hover,
.c11:focus {
  background: #651FFF;
}

.c11:active {
  background: #354AA4;
}

.c11:disabled {
  background: rgba(255,255,255,0.12);
  color: rgba(255,255,255,0.3);
}

.c15 {
  line-height: 1.5;
  margin: 0;
  display: inline-flex;
  justify-content: center;
  align-items: center;
  box-sizing: border-box;
  border: none;
  border-radius: 4px;
  cursor: pointer;
  font-family: inherit;
  font-weight: 600;
  outline: none;
  position: relative;
  text-align: center;
  text-decoration: none;
  text-transform: uppercase;
  transition: all 0.3s;
  -webkit-font-smoothing: antialiased;
  background: #222C59;
  color: rgba(255,255,255,0.87);
  font-size: 10px;
  min-height: 24px;
  padding: 0px 16px;
  width: 100%;
}

.c15:active {
  opacity: 0.56;
}

.c15:hover,
.c15:focus {
  background: #2C3A73;
}

.c15:disabled {
  background: rgba(255,255,255,0.12);
  color: rgba(255,255,255,0.3);
}

.c14 {
  color: #03a9f4;
  font-weight: normal;
  background: none;
  text-decoration: underline;
  text-transform: none;
  padding: 0 8px;
}

.c14:hover,
.c14:focus {
  background: #222C59;
}

.c1 {
  box-sizing: border-box;
  margin-left: auto;
  margin-right: auto;
  margin-top: 40px;
  margin-bottom: 40px;
  width: 720px;
  background-color: #222C59;
  box-shadow: 0 4px 16px rgba(0,0,0,0.24);
  border-radius: 8px;
}

.c8 {
  appearance: none;
  border: none;
  border-radius: 4px;
  box-shadow: inset 0 2px 4px rgba(0,0,0,.24);
  box-sizing: border-box;
  display: block;
  height: 40px;
  font-size: 16px;
  padding: 0 16px;
  outline: none;
  width: 100%;
  color: #324148;
  background-color: #FFFFFF;
}

.c8::-ms-clear {
  display: none;
}

.c8::placeholder {
  opacity: 0.4;
}

.c8:read-only {
  cursor: not-allowed;
}

.c7 {
  color: #FFFFFF;
  display: block;
  font-size: 11px;
  font-weight: 500;
  text-transform: uppercase;
  width: 100%;
  margin-bottom: 4px;
}

.c0 {
  display: block;
  outline: none;
  margin-left: auto;
  margin-right: auto;
  margin-top: 40px;
  margin-bottom: 40px;
  max-width: 200px;
  max-height: 120px;
}

.c4 {
  overflow: hidden;
  text-overflow: ellipsis;
  font-weight: 300;
  font-size: 28px;
  line-height: 32px;
  margin: 0px;
  margin-bottom: 16px;
  color: #FFFFFF;
  text-align: center;
}

.c5 {
  overflow: hidden;
  text-overflow: ellipsis;
  font-weight: 400;
  font-size: 18px;
  line-height: 32px;
  word-break: break-all;
  margin: 0px;
  margin-bottom: 16px;
}

.c13 {
  overflow: hidden;
  text-overflow: ellipsis;
  font-weight: 300;
  font-size: 12px;
  line-height: 24px;
  margin: 0px;
  margin-bottom: 16px;
}

.c2 {
  box-sizing: border-box;
  display: flex;
}

.c9 {
  box-sizing: border-box;
  display: flex;
  flex-direction: row;
}

<div>
  <img
    class="c0"
    src="file_stub"
  />
  <form
    class="c1"
    width="720px"
  >
    <div
      class="c2"
    >
      <div
        class="c3"
      >
        <div
          class="c4"
          color="light"
        >
          Welcome to Teleport
        </div>
        <div
          class="c5"
        >
          john@example.com
        </div>
        <div
          class="c6"
        >
          <label
            class="c7"
            font-size="0"
          >
            Password
          </label>
          <input
            autocomplete="off"
            class="c8"
            color="text.onLight"
            placeholder="Password"
            type="password"
            value=""
          />
        </div>
        <div
          class="c6"
        >
          <label
            class="c7"
            font-size="0"
          >
            Confirm Password
          </label>
          <input
            autocomplete="off"
            class="c8"
            color="text.onLight"
            placeholder="Confirm Password"
            type="password"
            value=""
          />
        </div>
        <div
          class="c9"
        >
          <div
            class="c10"
            width="50%"
          >
            <label
              class="c7"
              font-size="0"
            >
              Two factor token
            </label>
            <input
              autocomplete="off"
              class="c8"
              color="text.onLight"
              placeholder="123 456"
              type="text"
              value=""
            />
          </div>
        </div>
        <button
          class="c11"
          kind="primary"
          width="100%"
        >
          Create Account
        </button>
      </div>
      <div
        class="c12"
      >
        <div>
          <div
            class="c13"
          >
            Scan the bar code with Google Authenticator to generate a two factor token.
          </div>
          <img
            src="data:image/png;base64,undefined"
            style="border: 8px solid;"
            width="152"
          />
          <a
            class="c14 c15"
            href="https://support.google.com/accounts/answer/1066447?co=GENIE.Platform%3DiOS&hl=en&oco=0"
            kind="secondary"
            rel="noreferrer"
            target="_blank"
            width="100%"
          >
            Download Google Authenticator
          </a>
        </div>
      </div>
    </div>
  </form>
</div>
`;

exports[`teleport/components/Invite should render form with token requirement when auth2fatype is optional 1`] = `
.c3 {
  box-sizing: border-box;
  padding: 40px;
  flex: 3;
}

.c6 {
  box-sizing: border-box;
  margin-bottom: 24px;
}

.c10 {
  box-sizing: border-box;
  margin-bottom: 24px;
  width: 50%;
}

.c12 {
  box-sizing: border-box;
  padding: 40px;
  background-color: #1C254D;
  flex: 1;
  border-top-right-radius: 8px;
  border-bottom-right-radius: 8px;
}

.c11 {
  line-height: 1.5;
  margin: 0;
  display: inline-flex;
  justify-content: center;
  align-items: center;
  box-sizing: border-box;
  border: none;
  border-radius: 4px;
  cursor: pointer;
  font-family: inherit;
  font-weight: 600;
  outline: none;
  position: relative;
  text-align: center;
  text-decoration: none;
  text-transform: uppercase;
  transition: all 0.3s;
  -webkit-font-smoothing: antialiased;
  background: #512FC9;
  color: rgba(255,255,255,0.87);
  min-height: 40px;
  font-size: 12px;
  padding: 0px 40px;
  margin-top: 16px;
  width: 100%;
}

.c11:active {
  opacity: 0.56;
}

.c11:hover,
.c11:focus {
  background: #651FFF;
}

.c11:active {
  background: #354AA4;
}

.c11:disabled {
  background: rgba(255,255,255,0.12);
  color: rgba(255,255,255,0.3);
}

.c15 {
  line-height: 1.5;
  margin: 0;
  display: inline-flex;
  justify-content: center;
  align-items: center;
  box-sizing: border-box;
  border: none;
  border-radius: 4px;
  cursor: pointer;
  font-family: inherit;
  font-weight: 600;
  outline: none;
  position: relative;
  text-align: center;
  text-decoration: none;
  text-transform: uppercase;
  transition: all 0.3s;
  -webkit-font-smoothing: antialiased;
  background: #222C59;
  color: rgba(255,255,255,0.87);
  font-size: 10px;
  min-height: 24px;
  padding: 0px 16px;
  width: 100%;
}

.c15:active {
  opacity: 0.56;
}

.c15:hover,
.c15:focus {
  background: #2C3A73;
}

.c15:disabled {
  background: rgba(255,255,255,0.12);
  color: rgba(255,255,255,0.3);
}

.c14 {
  color: #03a9f4;
  font-weight: normal;
  background: none;
  text-decoration: underline;
  text-transform: none;
  padding: 0 8px;
}

.c14:hover,
.c14:focus {
  background: #222C59;
}

.c1 {
  box-sizing: border-box;
  margin-left: auto;
  margin-right: auto;
  margin-top: 40px;
  margin-bottom: 40px;
  width: 720px;
  background-color: #222C59;
  box-shadow: 0 4px 16px rgba(0,0,0,0.24);
  border-radius: 8px;
}

.c8 {
  appearance: none;
  border: none;
  border-radius: 4px;
  box-shadow: inset 0 2px 4px rgba(0,0,0,.24);
  box-sizing: border-box;
  display: block;
  height: 40px;
  font-size: 16px;
  padding: 0 16px;
  outline: none;
  width: 100%;
  color: #324148;
  background-color: #FFFFFF;
}

.c8::-ms-clear {
  display: none;
}

.c8::placeholder {
  opacity: 0.4;
}

.c8:read-only {
  cursor: not-allowed;
}

.c7 {
  color: #FFFFFF;
  display: block;
  font-size: 11px;
  font-weight: 500;
  text-transform: uppercase;
  width: 100%;
  margin-bottom: 4px;
}

.c0 {
  display: block;
  outline: none;
  margin-left: auto;
  margin-right: auto;
  margin-top: 40px;
  margin-bottom: 40px;
  max-width: 200px;
  max-height: 120px;
}

.c4 {
  overflow: hidden;
  text-overflow: ellipsis;
  font-weight: 300;
  font-size: 28px;
  line-height: 32px;
  margin: 0px;
  margin-bottom: 16px;
  color: #FFFFFF;
  text-align: center;
}

.c5 {
  overflow: hidden;
  text-overflow: ellipsis;
  font-weight: 400;
  font-size: 18px;
  line-height: 32px;
  word-break: break-all;
  margin: 0px;
  margin-bottom: 16px;
}

.c13 {
  overflow: hidden;
  text-overflow: ellipsis;
  font-weight: 300;
  font-size: 12px;
  line-height: 24px;
  margin: 0px;
  margin-bottom: 16px;
}

.c2 {
  box-sizing: border-box;
  display: flex;
}

.c9 {
  box-sizing: border-box;
  display: flex;
  flex-direction: row;
}

<div>
  <img
    class="c0"
    src="file_stub"
  />
  <form
    class="c1"
    width="720px"
  >
    <div
      class="c2"
    >
      <div
        class="c3"
      >
        <div
          class="c4"
          color="light"
        >
          Welcome to Teleport
        </div>
        <div
          class="c5"
        >
          john@example.com
        </div>
        <div
          class="c6"
        >
          <label
            class="c7"
            font-size="0"
          >
            Password
          </label>
          <input
            autocomplete="off"
            class="c8"
            color="text.onLight"
            placeholder="Password"
            type="password"
            value=""
          />
        </div>
        <div
          class="c6"
        >
          <label
            class="c7"
            font-size="0"
          >
            Confirm Password
          </label>
          <input
            autocomplete="off"
            class="c8"
            color="text.onLight"
            placeholder="Confirm Password"
            type="password"
            value=""
          />
        </div>
        <div
          class="c9"
        >
          <div
            class="c10"
            width="50%"
          >
            <label
              class="c7"
              font-size="0"
            >
              Two factor token
            </label>
            <input
              autocomplete="off"
              class="c8"
              color="text.onLight"
              placeholder="123 456"
              type="text"
              value=""
            />
          </div>
        </div>
        <button
          class="c11"
          kind="primary"
          width="100%"
        >
          Create Account
        </button>
      </div>
      <div
        class="c12"
      >
        <div>
          <div
            class="c13"
          >
            Scan the bar code with Google Authenticator to generate a two factor token.
          </div>
          <img
            src="data:image/png;base64,undefined"
            style="border: 8px solid;"
            width="152"
          />
          <a
            class="c14 c15"
            href="https://support.google.com/accounts/answer/1066447?co=GENIE.Platform%3DiOS&hl=en&oco=0"
            kind="secondary"
            rel="noreferrer"
            target="_blank"
            width="100%"
          >
            Download Google Authenticator
          </a>
        </div>
      </div>
    </div>
  </form>
</div>
`;
