// Jest Snapshot v1, https://goo.gl/fbAQLP

exports[`loaded 1`] = `
.c3 {
  box-sizing: border-box;
}

.c12 {
  line-height: 1.5;
  margin: 0;
  display: inline-flex;
  justify-content: center;
  align-items: center;
  box-sizing: border-box;
  border: none;
  border-radius: 4px;
  cursor: pointer;
  font-family: inherit;
  font-weight: 600;
  outline: none;
  position: relative;
  text-align: center;
  text-decoration: none;
  text-transform: uppercase;
  transition: all 0.3s;
  -webkit-font-smoothing: antialiased;
  background: #2C3A73;
  border: 1px solid #1C254D;
  opacity: .87;
  color: rgba(255,255,255,0.87);
  font-size: 10px;
  min-height: 24px;
  padding: 0px 16px;
  height: 24px;
}

.c12:active {
  opacity: 0.56;
}

.c12:hover,
.c12:focus {
  background: #2C3A73;
  border: 1px solid rgba(255,255,255,0.1);
  opacity: 1;
}

.c12:active {
  opacity: 0.24;
}

.c12:disabled {
  background: rgba(255,255,255,0.12);
  color: rgba(255,255,255,0.3);
}

.c8 {
  display: inline-block;
  transition: color .3s;
  color: #FFFFFF;
  font-size: 16px;
}

.c11 {
  display: inline-block;
  transition: color .3s;
  margin-right: 16px;
  padding: 4px;
  color: #FFFFFF;
  background-color: #010B1C;
  font-size: 14px;
}

.c13 {
  display: inline-block;
  transition: color .3s;
  margin-left: 8px;
  margin-right: -8px;
  color: rgba(255,255,255,0.56);
  font-size: 14px;
}

.c5 {
  overflow: hidden;
  text-overflow: ellipsis;
  font-weight: 400;
  font-size: 12px;
  line-height: 16px;
  margin: 0px;
  color: #FFFFFF;
}

.c1 {
  box-sizing: border-box;
  margin-bottom: 24px;
  display: flex;
  align-items: center;
  flex-shrink: 0;
  border-bottom: 1px solid #1C254D;
  height: 56px;
  margin-left: -40px;
  margin-right: -40px;
  padding-left: 40px;
  padding-right: 40px;
}

.c2 {
  overflow: hidden;
  text-overflow: ellipsis;
  font-weight: 300;
  font-size: 22px;
  line-height: 32px;
  margin: 0px;
  white-space: nowrap;
}

.c0 {
  box-sizing: border-box;
  padding-left: 40px;
  padding-right: 40px;
  display: flex;
  overflow: auto;
  width: 100%;
  height: 100%;
  flex-direction: column;
}

.c0::after {
  content: ' ';
  padding-bottom: 24px;
}

.c9 {
  background: #222C59;
  box-shadow: 0 4px 16px rgba(0,0,0,0.24);
  border-collapse: collapse;
  border-spacing: 0;
  border-radius: 8px;
  font-size: 12px;
  width: 100%;
}

.c9 > thead > tr > th,
.c9 > tbody > tr > th,
.c9 > tfoot > tr > th,
.c9 > thead > tr > td,
.c9 > tbody > tr > td,
.c9 > tfoot > tr > td {
  padding: 8px 8px;
  vertical-align: middle;
}

.c9 > thead > tr > th:first-child,
.c9 > tbody > tr > th:first-child,
.c9 > tfoot > tr > th:first-child,
.c9 > thead > tr > td:first-child,
.c9 > tbody > tr > td:first-child,
.c9 > tfoot > tr > td:first-child {
  padding-left: 24px;
}

.c9 > thead > tr > th:last-child,
.c9 > tbody > tr > th:last-child,
.c9 > tfoot > tr > th:last-child,
.c9 > thead > tr > td:last-child,
.c9 > tbody > tr > td:last-child,
.c9 > tfoot > tr > td:last-child {
  padding-right: 24px;
}

.c9 > thead > tr > th {
  background: #111B48;
  color: #FFFFFF;
  cursor: pointer;
  font-size: 10px;
  font-weight: 400;
  padding-bottom: 0;
  padding-top: 0;
  text-align: left;
  opacity: 0.75;
  text-transform: uppercase;
  white-space: nowrap;
}

.c9 > thead > tr > th .c7 {
  font-weight: bold;
  font-size: 8px;
  margin-left: 8px;
}

.c9 > tbody > tr > td {
  color: rgba(255,255,255,0.87);
  line-height: 16px;
}

.c9 tbody tr {
  border-bottom: 1px solid #1C254D;
}

.c9 tbody tr:hover {
  background-color: rgb(37,49,98);
}

.c9 tbody tr:hover:last-child td:first-child {
  border-bottom-left-radius: 8px;
}

.c9 tbody tr:hover:last-child td:last-child {
  border-bottom-right-radius: 8px;
}

.c6 {
  box-sizing: border-box;
  display: flex;
}

.c6 button {
  background: none;
  border: none;
  border-radius: 200px;
  cursor: pointer;
  padding: 0;
  margin: 0 0 0 8px;
  outline: none;
  transition: all 0.3s;
  text-align: center;
}

.c6 button:hover,
.c6 button:focus {
  background: #1C254D;
}

.c6 button:hover .c7,
.c6 button:focus .c7 {
  opacity: 1;
}

.c6 button .c7 {
  opacity: 0.4;
  font-size: 20px;
  transition: all 0.3s;
}

.c4 {
  padding: 8px 24px;
  display: flex;
  height: 24px;
  flex-shrink: 0;
  align-items: center;
  justify-content: space-between;
  background: #222C59;
  border-top-left-radius: 8px;
  border-top-right-radius: 8px;
}

.c10 {
  display: flex;
  align-items: center;
  min-width: 130px;
}

<div
  class="sc-fzqBZW c0"
>
  <div
    class="sc-fzqBZW c1"
  >
    <div
      class="c2"
    >
      Active Sessions
    </div>
  </div>
  <div
    class="c3"
  >
    <div>
      <nav
        class="c4"
      >
        <div
          class="c5"
          color="primary.contrastText"
        >
          SHOWING 
          <strong>
            1
          </strong>
           - 
          <strong>
            1
          </strong>
           
          of 
          <strong>
            1
          </strong>
        </div>
        <div
          class="sc-fzqBZW c6"
        >
          <button
            disabled=""
            title="Previous Page"
          >
            <span
              class="c7 c8 icon icon-arrow-left-circle "
              color="light"
              font-size="3"
            />
          </button>
          <button
            disabled=""
            title="Next Page"
          >
            <span
              class="c7 c8 icon icon-arrow-right-circle "
              color="light"
              font-size="3"
            />
          </button>
        </div>
      </nav>
      <table
        class="c9"
      >
        <thead>
          <tr>
            <th>
              Description
            </th>
            <th>
              Session ID
            </th>
            <th>
              Users
            </th>
            <th>
              Node
            </th>
            <th>
              Duration
            </th>
            <th />
          </tr>
        </thead>
        <tbody>
          <tr>
            <td>
              <div
                class="c10"
              >
                <a
                  class="c7 c11 icon icon-terminal "
                  color="light"
                  font-size="2"
                  href="/web/cluster/one/console/session/sid0"
                  style="border-radius: 50%; border: 2px solid #00bfa5; text-decoration: none;"
                  target="_blank"
                />
                Session is in progress [root@localhost]
              </div>
            </td>
            <td>
              sid0
            </td>
            <td>
              hehwawe@aw.sg [129.232.123.132], ma@pewu.tz [129.232.123.132]
            </td>
            <td>
              localhost
               
              [1.1.1.1]
            </td>
            <td>
              12 min
            </td>
            <td
              align="right"
            >
              <button
                class="c12"
                height="24px"
                kind="border"
              >
                OPTIONS
                <span
                  class="c7 c13 icon icon-caret-down "
                  color="text.secondary"
                  font-size="2"
                />
              </button>
            </td>
          </tr>
        </tbody>
      </table>
    </div>
  </div>
</div>
`;
