// Jest Snapshot v1, https://goo.gl/fbAQLP

exports[`render dialog with instructions to connect to database 1`] = `
.c6 {
  box-sizing: border-box;
  margin-bottom: 24px;
}

.c10 {
  box-sizing: border-box;
  margin-right: 4px;
}

.c12 {
  box-sizing: border-box;
}

.c11 {
  line-height: 1.5;
  margin: 0;
  display: inline-flex;
  justify-content: center;
  align-items: center;
  box-sizing: border-box;
  border: none;
  border-radius: 4px;
  cursor: pointer;
  font-family: inherit;
  font-weight: 600;
  outline: none;
  position: relative;
  text-align: center;
  text-decoration: none;
  text-transform: uppercase;
  transition: all 0.3s;
  -webkit-font-smoothing: antialiased;
  background: #512FC9;
  color: rgba(255,255,255,0.87);
  min-height: 32px;
  font-size: 12px;
  padding: 0px 24px;
}

.c11:active {
  opacity: 0.56;
}

.c11:hover,
.c11:focus {
  background: #651FFF;
}

.c11:active {
  background: #354AA4;
}

.c11:disabled {
  background: rgba(255,255,255,0.12);
  color: rgba(255,255,255,0.3);
}

.c15 {
  line-height: 1.5;
  margin: 0;
  display: inline-flex;
  justify-content: center;
  align-items: center;
  box-sizing: border-box;
  border: none;
  border-radius: 4px;
  cursor: pointer;
  font-family: inherit;
  font-weight: 600;
  outline: none;
  position: relative;
  text-align: center;
  text-decoration: none;
  text-transform: uppercase;
  transition: all 0.3s;
  -webkit-font-smoothing: antialiased;
  background: #222C59;
  color: rgba(255,255,255,0.87);
  min-height: 32px;
  font-size: 12px;
  padding: 0px 24px;
}

.c15:active {
  opacity: 0.56;
}

.c15:hover,
.c15:focus {
  background: #2C3A73;
}

.c15:disabled {
  background: rgba(255,255,255,0.12);
  color: rgba(255,255,255,0.3);
}

.c13 {
  color: #03a9f4;
  font-weight: normal;
  background: none;
  text-decoration: underline;
  text-transform: none;
}

.c4 {
  overflow: hidden;
  text-overflow: ellipsis;
  font-weight: 300;
  font-size: 22px;
  line-height: 32px;
  text-transform: uppercase;
  margin: 0px;
  margin-right: auto;
  color: rgba(255,255,255,0.87);
}

.c7 {
  overflow: hidden;
  text-overflow: ellipsis;
  font-weight: 600;
  margin: 0px;
}

.c2 {
  box-sizing: border-box;
  flex: 1;
  display: flex;
  flex-direction: column;
}

.c3 {
  box-sizing: border-box;
  margin-bottom: 24px;
  display: flex;
  align-items: center;
  justify-content: space-between;
}

.c8 {
  box-sizing: border-box;
  margin-top: 8px;
  padding: 8px;
  background-color: #010B1C;
  border-radius: 4px;
  display: flex;
  align-items: center;
  justify-content: space-between;
}

.c9 {
  box-sizing: border-box;
  margin-right: 8px;
  display: flex;
}

.c0 {
  height: 100%;
  outline: none;
  color: black;
  display: flex;
  align-items: center;
  justify-content: center;
  opacity: 1;
  will-change: opacity;
  transition: opacity 225ms cubic-bezier(0.4,0,0.2,1) 0ms;
}

.c1 {
  padding: 32px;
  padding-top: 24px;
  background: #1C254D;
  color: rgba(255,255,255,0.87);
  border-radius: 8px;
  box-shadow: 0 8px 32px rgba(0,0,0,0.24);
  display: flex;
  flex-direction: column;
  position: relative;
  overflow-y: auto;
  max-height: calc(100% - 96px);
  max-width: 600px;
  width: 100%;
  min-height: 330px;
}

.c5 {
  box-sizing: border-box;
  margin-bottom: 32px;
  min-height: 240px;
  flex: 0 0 auto;
  display: flex;
  flex-direction: column;
}

.c14 {
  box-sizing: border-box;
}

<div
  class="c0"
>
  <div
    class="c1"
    data-testid="dialogbox"
  >
    <div
      class="c2"
    >
      <div
        class="c3"
      >
        <div
          class="c4"
          color="text.primary"
        >
          Connect To Database
        </div>
      </div>
      <div
        class="c5"
      >
        <div
          class="c6"
        >
          <span
            class="c7"
          >
            Step 1
          </span>
           - Login to Teleport
          <div
            class="c8"
          >
            <div
              class="c9"
              style="overflow: auto; white-space: pre; word-break: break-all; font-size: 12px; font-family: \\"Droid Sans Mono\\", \\"monospace\\", monospace, \\"Droid Sans Fallback\\";"
            >
              <div
                class="c10"
              >
                $
              </div>
              <div>
                tsh login --proxy=localhost:443 --auth=local --user=yassine
              </div>
            </div>
            <button
              class="c11"
              kind="primary"
              style="max-width: 48px; width: 100%; padding: 4px 8px; min-height: 10px; font-size: 10px;"
            >
              Copy
            </button>
          </div>
        </div>
        <div
          class="c6"
        >
          <span
            class="c7"
          >
            Step 2
          </span>
           - Retrieve credentials for the database
          <div
            class="c8"
          >
            <div
              class="c9"
              style="overflow: auto; white-space: pre; word-break: break-all; font-size: 12px; font-family: \\"Droid Sans Mono\\", \\"monospace\\", monospace, \\"Droid Sans Fallback\\";"
            >
              <div
                class="c10"
              >
                $
              </div>
              <div>
                tsh db login aurora
              </div>
            </div>
            <button
              class="c11"
              kind="primary"
              style="max-width: 48px; width: 100%; padding: 4px 8px; min-height: 10px; font-size: 10px;"
            >
              Copy
            </button>
          </div>
        </div>
        <div
          class="c6"
        >
          <span
            class="c7"
          >
            Step 3
          </span>
           - Connect to the database
          <div
            class="c8"
          >
            <div
              class="c9"
              style="overflow: auto; white-space: pre; word-break: break-all; font-size: 12px; font-family: \\"Droid Sans Mono\\", \\"monospace\\", monospace, \\"Droid Sans Fallback\\";"
            >
              <div
                class="c10"
              >
                $
              </div>
              <div>
                psql "service=im-a-cluster-aurora user=[user] dbname=[dbname]"
              </div>
            </div>
            <button
              class="c11"
              kind="primary"
              style="max-width: 48px; width: 100%; padding: 4px 8px; min-height: 10px; font-size: 10px;"
            >
              Copy
            </button>
          </div>
        </div>
        <div
          class="c12"
        >
          * Note: To connect with a GUI database client, see our 
          <a
            class="c13"
            href="https://goteleport.com/docs/database-access/guides/gui-clients/"
            rel="noreferrer"
            target="_blank"
          >
            documentation
          </a>
           for instructions 
        </div>
      </div>
      <div
        class="c14"
      >
        <button
          class="c15"
          kind="secondary"
        >
          Close
        </button>
      </div>
    </div>
  </div>
</div>
`;
