// Jest Snapshot v1, https://goo.gl/fbAQLP

exports[`loaded 1`] = `
.c3 {
  box-sizing: border-box;
}

.c8 {
  display: inline-block;
  -webkit-transition: color .3s;
  transition: color .3s;
  padding: 4px;
  color: #FFFFFF;
  background-color: #010B1C;
  font-size: 18px;
}

.c10 {
  display: inline-block;
  -webkit-transition: color .3s;
  transition: color .3s;
  color: #FFFFFF;
}

.c9 {
  -webkit-align-items: center;
  -webkit-box-align: center;
  -ms-flex-align: center;
  align-items: center;
  border: none;
  cursor: pointer;
  display: -webkit-box;
  display: -webkit-flex;
  display: -ms-flexbox;
  display: flex;
  outline: none;
  border-radius: 50%;
  overflow: visible;
  -webkit-box-pack: center;
  -webkit-justify-content: center;
  -ms-flex-pack: center;
  justify-content: center;
  text-align: center;
  -webkit-flex: 0 0 auto;
  -ms-flex: 0 0 auto;
  flex: 0 0 auto;
  background: transparent;
  color: inherit;
  -webkit-transition: all .3s;
  transition: all .3s;
  -webkit-font-smoothing: antialiased;
  font-size: 16px;
  height: 32px;
  width: 32px;
}

.c9 .c6 {
  color: inherit;
}

.c9:disabled {
  color: rgba(255,255,255,0.3);
}

.c9:disabled {
  color: rgba(255,255,255,0.3);
}

.c9:hover,
.c9:focus {
  background: rgba(255,255,255,0.1);
}

.c1 {
  box-sizing: border-box;
  margin-bottom: 24px;
  margin-top: 24px;
  display: -webkit-box;
  display: -webkit-flex;
  display: -ms-flexbox;
  display: flex;
  -webkit-align-items: center;
  -webkit-box-align: center;
  -ms-flex-align: center;
  align-items: center;
  -webkit-flex-shrink: 0;
  -ms-flex-negative: 0;
  flex-shrink: 0;
}

.c2 {
  overflow: hidden;
  text-overflow: ellipsis;
  font-weight: 300;
  font-size: 34px;
  line-height: 56px;
  margin: 0px;
  -webkit-flex-shrink: 0;
  -ms-flex-negative: 0;
  flex-shrink: 0;
}

.c0 {
  box-sizing: border-box;
  padding-left: 40px;
  padding-right: 40px;
  display: -webkit-box;
  display: -webkit-flex;
  display: -ms-flexbox;
  display: flex;
  overflow: auto;
  width: 100%;
  height: 100%;
  -webkit-flex-direction: column;
  -ms-flex-direction: column;
  flex-direction: column;
}

.c0::after {
  content: ' ';
  padding-bottom: 24px;
}

.c4 {
  background: #222C59;
  box-shadow: 0 8px 32px rgba(0,0,0,0.24);
  border-collapse: collapse;
  border-spacing: 0;
  border-radius: 8px;
  font-size: 12px;
  width: 100%;
}

.c4 > thead > tr > th,
.c4 > tbody > tr > th,
.c4 > tfoot > tr > th,
.c4 > thead > tr > td,
.c4 > tbody > tr > td,
.c4 > tfoot > tr > td {
  padding: 16px;
  vertical-align: middle;
}

.c4 > thead > tr > th {
  background: #1B234A;
  color: rgba(255,255,255,0.56);
  cursor: pointer;
  font-size: 10px;
  font-weight: 600;
  padding: 4px 16px;
  text-align: left;
  text-transform: uppercase;
}

.c4 > thead > tr > th .c6 {
  font-weight: bold;
  margin-left: 8px;
}

.c7 {
  display: inline-block;
  -webkit-transition: color .3s;
  transition: color .3s;
  padding: 4px;
  color: #FFFFFF;
  background-color: #010B1C;
  font-size: 18px;
  border-radius: 50%;
}

.c5 {
  width: 0;
}

<div
  class="c0"
>
  <div
    class="c1"
  >
    <h1
      class="c2"
    >
      Active Sessions
    </h1>
  </div>
  <div
    class="c3"
  >
    <div>
      <table
        class="c4"
      >
        <thead>
          <tr>
            <th />
            <th>
              Description
            </th>
            <th>
              Users
            </th>
            <th>
              Node
            </th>
            <th>
              Started (UTC)
            </th>
            <th>
              Duration
            </th>
            <th>
              Session ID
            </th>
            <th />
          </tr>
        </thead>
        <tbody>
          <tr>
            <td>
              <div
                class="c5"
              >
                <span
                  class="icon icon-terminal c6 c7 c6 c8"
                  color="light"
                  font-size="4"
                />
              </div>
            </td>
            <td>
              Session is in progress...
            </td>
            <td>
              hehwawe@aw.sg [129.232.123.132], ma@pewu.tz [129.232.123.132]
            </td>
            <td>
              localhost
               [
              1.1.1.1:1111
              ]
            </td>
            <td>
              2019-04-22 00:00:51
            </td>
            <td>
              12 min
            </td>
            <td>
              sid0
            </td>
            <td
              align="right"
            >
              <button
                class="c9"
                data-testid="button"
              >
                <span
                  class="icon icon-ellipsis  c6 c10"
                  color="light"
                />
              </button>
            </td>
          </tr>
        </tbody>
      </table>
    </div>
  </div>
</div>
`;
