// Jest Snapshot v1, https://goo.gl/fbAQLP

exports[`overflow 1`] = `
.c6 {
  display: flex;
  align-items: center;
  justify-content: center;
  border-radius: 2px;
  box-sizing: border-box;
  box-shadow: 0 1px 4px rgba(0,0,0,.24);
  margin: 0 0 24px 0;
  min-height: 40px;
  padding: 8px 16px;
  overflow: auto;
  word-break: break-all;
  line-height: 1.5;
  background: #f50057;
  color: #FFFFFF;
}

.c6 a {
  color: #FFFFFF;
}

.c5 {
  display: inline-block;
  transition: color .3s;
  margin-left: 8px;
  margin-right: -8px;
  color: rgba(255,255,255,0.87);
  font-size: 14px;
}

.c12 {
  display: inline-block;
  transition: color .3s;
  color: #FFFFFF;
  font-size: 16px;
}

.c14 {
  display: inline-block;
  transition: color .3s;
  color: #FFFFFF;
}

.c16 {
  display: inline-block;
  transition: color .3s;
  margin-right: 8px;
  color: #FFFFFF;
}

.c3 {
  line-height: 1.5;
  border-radius: 4px;
  display: inline-flex;
  justify-content: center;
  align-items: center;
  border: 1px solid;
  box-sizing: border-box;
  background-color: transparent;
  cursor: pointer;
  font-family: inherit;
  font-weight: bold;
  outline: none;
  opacity: .56;
  position: relative;
  text-align: center;
  text-decoration: none;
  text-transform: uppercase;
  transition: all .3s;
  -webkit-font-smoothing: antialiased;
  border-color: rgba(255,255,255,0.87);
  color: #FFFFFF;
  font-size: 10px;
  min-height: 24px;
  padding: 0px 16px;
  margin-left: auto;
  width: auto;
  border-color: rgba(255,255,255,0.87);
  color: rgba(255,255,255,0.87);
}

.c3:hover {
  opacity: 1;
}

.c3:active {
  opacity: .24;
}

.c3 > span {
  display: flex;
  align-items: center;
  justify-content: center;
}

.c3:hover,
.c3:focus {
  border-color: #FFFFFF;
  color: #FFFFFF;
}

.c3:disabled {
  background: rgba(255,255,255,0.12);
  color: rgba(255,255,255,0.3);
}

.c3:hover,
.c3:focus {
  border-color: #FFFFFF;
  color: #FFFFFF;
}

.c10 {
  overflow: hidden;
  text-overflow: ellipsis;
  font-weight: 400;
  font-size: 12px;
  line-height: 16px;
  margin: 0px;
  color: #FFFFFF;
}

.c15 {
  overflow: hidden;
  text-overflow: ellipsis;
  font-weight: 300;
  font-size: 16px;
  line-height: 32px;
  margin: 24px;
  color: rgba(255,255,255,0.87);
}

.c7 {
  box-sizing: border-box;
  margin-bottom: 24px;
  display: flex;
  align-items: center;
  justify-content: flex-start;
}

.c1 {
  box-sizing: border-box;
  margin-bottom: 24px;
  display: flex;
  align-items: center;
  flex-shrink: 0;
  border-bottom: 1px solid #1C254D;
  height: 56px;
  margin-left: -40px;
  margin-right: -40px;
  padding-left: 40px;
  padding-right: 40px;
}

.c2 {
  overflow: hidden;
  text-overflow: ellipsis;
  font-weight: 300;
  font-size: 22px;
  line-height: 32px;
  margin: 0px;
  margin-right: 56px;
  flex-shrink: 0;
}

.c0 {
  box-sizing: border-box;
  padding-left: 40px;
  padding-right: 40px;
  display: flex;
  overflow: auto;
  width: 100%;
  height: 100%;
  flex-direction: column;
}

.c0::after {
  content: ' ';
  padding-bottom: 24px;
}

.c13 {
  background: #222C59;
  box-shadow: 0 4px 16px rgba(0,0,0,0.24);
  border-collapse: collapse;
  border-spacing: 0;
  border-radius: 8px;
  font-size: 12px;
  width: 100%;
}

.c13 > thead > tr > th,
.c13 > tbody > tr > th,
.c13 > tfoot > tr > th,
.c13 > thead > tr > td,
.c13 > tbody > tr > td,
.c13 > tfoot > tr > td {
  padding: 8px 8px;
  vertical-align: middle;
}

.c13 > thead > tr > th:first-child,
.c13 > tbody > tr > th:first-child,
.c13 > tfoot > tr > th:first-child,
.c13 > thead > tr > td:first-child,
.c13 > tbody > tr > td:first-child,
.c13 > tfoot > tr > td:first-child {
  padding-left: 24px;
}

.c13 > thead > tr > th:last-child,
.c13 > tbody > tr > th:last-child,
.c13 > tfoot > tr > th:last-child,
.c13 > thead > tr > td:last-child,
.c13 > tbody > tr > td:last-child,
.c13 > tfoot > tr > td:last-child {
  padding-right: 24px;
}

.c13 > thead > tr > th {
  background: #111B48;
  color: #FFFFFF;
  cursor: pointer;
  font-size: 10px;
  font-weight: 400;
  padding-bottom: 0;
  padding-top: 0;
  text-align: left;
  opacity: 0.75;
  text-transform: uppercase;
  white-space: nowrap;
}

.c13 > thead > tr > th .c4 {
  font-weight: bold;
  font-size: 8px;
  margin-left: 8px;
}

.c13 > tbody > tr > td {
  color: rgba(255,255,255,0.87);
  line-height: 16px;
}

.c13 tbody tr {
  border-bottom: 1px solid #1C254D;
}

.c13 tbody tr:hover {
  background-color: rgb(37,49,98);
}

.c11 {
  box-sizing: border-box;
  display: flex;
}

.c11 button {
  background: none;
  border: none;
  border-radius: 200px;
  cursor: pointer;
  padding: 0;
  margin: 0 0 0 8px;
  outline: none;
  transition: all 0.3s;
  text-align: center;
}

.c11 button:hover,
.c11 button:focus {
  background: #1C254D;
}

.c11 button:hover .c4,
.c11 button:focus .c4 {
  opacity: 1;
}

.c11 button .c4 {
  opacity: 0.4;
  font-size: 20px;
  transition: all 0.3s;
}

.c9 {
  padding: 8px 24px;
  display: flex;
  height: 24px;
  flex-shrink: 0;
  align-items: center;
  justify-content: space-between;
  background: #222C59;
  border-top-left-radius: 8px;
  border-top-right-radius: 8px;
}

.c8 {
  box-sizing: border-box;
  font-size: 12px;
  min-width: 200px;
  outline: none;
  border: none;
  border-radius: 200px;
  height: 32px;
  transition: all .2s;
  background: #222C59;
  margin-right: 16px;
  padding-left: 16px;
  padding-right: 16px;
  color: rgba(255,255,255,0.87);
  height: 30px;
}

.c8:hover {
  background: #2C3A73;
}

.c8:focus,
.c8:active {
  background: #2C3A73;
  box-shadow: inset 0 2px 4px rgba(0,0,0,.24);
  color: rgba(255,255,255,0.87);
}

.c8::placeholder {
  color: rgba(255,255,255,0.24);
  font-size: 12px;
}

<div
  class="c0"
>
  <div
    class="c1"
  >
    <div
      class="c2"
    >
      Audit Log
    </div>
    <button
      class="c3"
      style="min-width: 100px;"
      width="auto"
    >
      <span>
        Today
        <span
          class="c4 c5 icon icon-caret-down "
          color="text.primary"
          font-size="2"
        />
      </span>
    </button>
  </div>
  <div
    class="c6"
    kind="danger"
  >
    Number of events retrieved for specified date range has exceeded the maximum limit of 
    9999
     events
  </div>
  <div
    class="c7"
  >
    <input
      class="c8"
      color="text.primary"
      height="30px"
      placeholder="SEARCH..."
      value=""
    />
  </div>
  <div>
    <nav
      class="c9"
    >
      <div
        class="c10"
        color="primary.contrastText"
      >
        SHOWING 
        <strong>
          0
        </strong>
         - 
        <strong>
          0
        </strong>
         
        of 
        <strong>
          0
        </strong>
      </div>
      <div
        class="c11"
      >
        <button
          disabled=""
          title="Previous Page"
        >
          <span
            class="c4 c12 icon icon-arrow-left-circle "
            color="light"
            font-size="3"
          />
        </button>
        <button
          disabled=""
          title="Next Page"
        >
          <span
            class="c4 c12 icon icon-arrow-right-circle "
            color="light"
            font-size="3"
          />
        </button>
      </div>
    </nav>
    <table
      class="c13"
    >
      <thead>
        <tr>
          <th>
            <a>
              Type
              <span
                class="c4 c14 icon icon-chevrons-expand-vertical "
                color="light"
              />
            </a>
          </th>
          <th>
            Description
          </th>
          <th>
            <a>
              Created
              <span
                class="c4 c14 icon icon-chevron-up "
                color="light"
              />
            </a>
          </th>
          <th />
        </tr>
      </thead>
      <tbody>
        <tr>
          <td
            colspan="4"
          >
            <div
              class="c15"
              color="text.primary"
              style="display: flex; align-items: center; justify-content: center;"
            >
              <span
                class="c4 c16 icon icon-database "
                color="light"
              />
              No Data Available
            </div>
          </td>
        </tr>
      </tbody>
    </table>
  </div>
</div>
`;
