// Jest Snapshot v1, https://goo.gl/fbAQLP

exports[`rendering of CardSuccess components 1`] = `
.c1 {
  display: inline-block;
  transition: color .3s;
  margin-bottom: 16px;
  color: #00bfa5;
  font-size: 56px;
}

.c0 {
  box-sizing: border-box;
  margin-left: auto;
  margin-right: auto;
  margin-top: 24px;
  margin-bottom: 24px;
  padding: 48px;
  width: 540px;
  background-color: #222C59;
  text-align: center;
  box-shadow: 0 4px 16px rgba(0,0,0,0.24);
  border-radius: 8px;
}

<div
  class="c0"
  width="540px"
>
  <span
    class="c1 icon icon-checkmark-circle "
    color="success"
    font-size="56"
  />
</div>
`;
