// Jest Snapshot v1, https://goo.gl/fbAQLP

exports[`render DocumentNodes 1`] = `
.c4 {
  box-sizing: border-box;
  margin-right: 20px;
  width: 400px;
}

.c8 {
  box-sizing: border-box;
}

.c21 {
  line-height: 1.5;
  margin: 0;
  display: inline-flex;
  justify-content: center;
  align-items: center;
  box-sizing: border-box;
  border: none;
  border-radius: 4px;
  cursor: pointer;
  font-family: inherit;
  font-weight: 600;
  outline: none;
  position: relative;
  text-align: center;
  text-decoration: none;
  text-transform: uppercase;
  transition: all 0.3s;
  -webkit-font-smoothing: antialiased;
  background: #092F52;
  border: 1px solid #010B1C;
  opacity: .87;
  color: rgba(255,255,255,0.87);
  font-size: 10px;
  min-height: 24px;
  padding: 0px 16px;
  height: 24px;
}

.c21:active {
  opacity: 0.56;
}

.c21:hover,
.c21:focus {
  background: #092F52;
  border: 1px solid rgba(255,255,255,0.1);
  opacity: 1;
}

.c21:active {
  opacity: 0.24;
}

.c21:disabled {
  background: rgba(255,255,255,0.12);
  color: rgba(255,255,255,0.3);
}

.c16 {
  display: inline-block;
  transition: color .3s;
  color: #FFFFFF;
  font-size: 16px;
}

.c19 {
  display: inline-block;
  transition: color .3s;
  color: #FFFFFF;
}

.c22 {
  display: inline-block;
  transition: color .3s;
  margin-left: 8px;
  margin-right: -8px;
  color: rgba(255,255,255,0.56);
  font-size: 14px;
}

.c20 {
  box-sizing: border-box;
  border-radius: 100px;
  display: inline-flex;
  align-items: center;
  justify-content: center;
  min-height: 16px;
  line-height: 1.4;
  font-size: 10px;
  font-weight: 500;
  padding: 0 8px;
  background-color: #01172C;
  color: rgba(255,255,255,0.87);
  margin-bottom: 4px;
  margin-right: 4px;
}

.c5 {
  color: #FFFFFF;
  display: block;
  font-size: 11px;
  font-weight: 500;
  text-transform: uppercase;
  width: 100%;
  margin-bottom: 4px;
}

.c13 {
  overflow: hidden;
  text-overflow: ellipsis;
  font-weight: 400;
  font-size: 12px;
  line-height: 16px;
  margin: 0px;
  color: #FFFFFF;
}

.c0 {
  box-sizing: border-box;
  margin: -16px;
  height: 100%;
  width: 100%;
  background-color: #010B1C;
  display: flex;
}

.c1 {
  box-sizing: border-box;
  flex: 1;
  display: flex;
}

.c3 {
  box-sizing: border-box;
  margin-bottom: 24px;
  display: flex;
  justify-content: space-between;
}

.c10 {
  box-sizing: border-box;
  margin-bottom: 24px;
  display: flex;
  align-items: center;
  justify-content: flex-start;
}

.c17 {
  background: #03203C;
  box-shadow: 0 4px 16px rgba(0,0,0,0.24);
  border-collapse: collapse;
  border-spacing: 0;
  border-radius: 8px;
  font-size: 12px;
  width: 100%;
}

.c17 > thead > tr > th,
.c17 > tbody > tr > th,
.c17 > tfoot > tr > th,
.c17 > thead > tr > td,
.c17 > tbody > tr > td,
.c17 > tfoot > tr > td {
  padding: 8px 8px;
  vertical-align: middle;
}

.c17 > thead > tr > th:first-child,
.c17 > tbody > tr > th:first-child,
.c17 > tfoot > tr > th:first-child,
.c17 > thead > tr > td:first-child,
.c17 > tbody > tr > td:first-child,
.c17 > tfoot > tr > td:first-child {
  padding-left: 24px;
}

.c17 > thead > tr > th:last-child,
.c17 > tbody > tr > th:last-child,
.c17 > tfoot > tr > th:last-child,
.c17 > thead > tr > td:last-child,
.c17 > tbody > tr > td:last-child,
.c17 > tfoot > tr > td:last-child {
  padding-right: 24px;
}

.c17 > thead > tr > th {
  background: #01172C;
  color: #FFFFFF;
  cursor: pointer;
  font-size: 10px;
  font-weight: 400;
  padding-bottom: 0;
  padding-top: 0;
  text-align: left;
  opacity: 0.75;
  text-transform: uppercase;
  white-space: nowrap;
}

.c17 > thead > tr > th .c15 {
  font-weight: bold;
  font-size: 8px;
  margin-left: 8px;
}

.c17 > tbody > tr > td {
  color: rgba(255,255,255,0.87);
  line-height: 16px;
}

.c17 tbody tr {
  border-bottom: 1px solid #010B1C;
}

.c17 tbody tr:hover {
  background-color: rgb(7,40,70);
}

.c14 {
  box-sizing: border-box;
  display: flex;
}

.c14 button {
  background: none;
  border: none;
  border-radius: 200px;
  cursor: pointer;
  padding: 0;
  margin: 0 0 0 8px;
  outline: none;
  transition: all 0.3s;
  text-align: center;
}

.c14 button:hover,
.c14 button:focus {
  background: #010B1C;
}

.c14 button:hover .c15,
.c14 button:focus .c15 {
  opacity: 1;
}

.c14 button .c15 {
  opacity: 0.4;
  font-size: 20px;
  transition: all 0.3s;
}

.c12 {
  padding: 8px 24px;
  display: flex;
  height: 24px;
  flex-shrink: 0;
  align-items: center;
  justify-content: space-between;
  background: #03203C;
  border-top-left-radius: 8px;
  border-top-right-radius: 8px;
}

.c11 {
  box-sizing: border-box;
  font-size: 12px;
  min-width: 200px;
  outline: none;
  border: none;
  border-radius: 200px;
  height: 32px;
  transition: all .2s;
  background: #03203C;
  margin-right: 16px;
  padding-left: 16px;
  padding-right: 16px;
  color: rgba(255,255,255,0.87);
  height: 30px;
}

.c11:hover {
  background: #092F52;
}

.c11:focus,
.c11:active {
  background: #092F52;
  box-shadow: inset 0 2px 4px rgba(0,0,0,.24);
  color: rgba(255,255,255,0.87);
}

.c11::placeholder {
  color: rgba(255,255,255,0.24);
  font-size: 12px;
}

.c18 > tbody > tr > td {
  vertical-align: baseline;
}

.c9 {
  appearance: none;
  border: none;
  border-radius: 4px;
  box-shadow: inset 0 2px 4px rgba(0,0,0,.24);
  box-sizing: border-box;
  display: block;
  height: 40px;
  font-size: 16px;
  padding: 0 16px;
  outline: none;
  width: 100%;
  color: rgba(255,255,255,0.87);
  background-color: #03203C;
  width: 240px;
  height: 34px;
  background: #03203C;
  border: 1px solid #01172C;
  border-radius: 4px;
  border-color: rgba(255,255,255,0.24);
  font-size: 14px;
  font-family: Ubuntu2,-apple-system,BlinkMacSystemFont,"Segoe UI",Helvetica,Arial,sans-serif,"Apple Color Emoji","Segoe UI Emoji","Segoe UI Symbol";
}

.c9::-ms-clear {
  display: none;
}

.c9::placeholder {
  opacity: 0.4;
}

.c9:read-only {
  cursor: not-allowed;
}

.c9:hover,
.c9:focus,
.c9:active {
  color: rgba(255,255,255,0.87);
  background: #092F52;
  box-shadow: inset 0 2px 4px rgba(0,0,0,.24);
}

.c9::placeholder {
  color: rgba(255,255,255,0.24);
  font-size: 14px;
}

.c7 .react-select__control,
.c7 .react-select__control--is-focused {
  min-height: 40px;
}

.c7 .react-select-container {
  box-shadow: inset 0 2px 4px rgba(0,0,0,0.24);
  box-sizing: border-box;
  border: none;
  display: block;
  font-size: 16px;
  outline: none;
  width: 100%;
  color: rgba(0,0,0,0.87);
  background-color: #ffffff;
  margin-bottom: 0px;
  border-radius: 4px;
}

.c7 .react-select__menu {
  margin-top: 0px;
}

.c7 .react-select__indicator-separator {
  display: none;
}

.c7 .react-select__control:hover {
  border-color: transparent;
}

.c7 .react-select__control--is-focused {
  background-color: transparent;
  border-color: transparent;
  border-radius: 4px;
  border-style: solid;
  border-width: 1px;
  box-shadow: none;
}

.c7 .react-select__option--is-selected {
  background-color: #cfd8dc;
  color: inherit;
}

.c6 {
  box-sizing: border-box;
}

.c6 .react-select__control,
.c6 .react-select__control--is-focused {
  border-color: #FFF;
  height: 34px;
  min-height: 34px;
}

.c6 .react-select__option {
  padding: 4px 12px;
}

.c6 .react-select__option--is-focused,
.c6 .react-select__option--is-focused:active {
  background-color: #eceff1;
}

.c6 .react-select__menu {
  margin-top: 0px;
  font-size: 14px;
}

.c6 .react-select__indicator-separator {
  display: none;
}

.c6 .react-select__value-container {
  height: 30px;
  padding: 0 8px;
}

.c6 .react-select__option--is-selected {
  background-color: inherit;
  color: inherit;
}

.c6 .react-select__option--is-focused {
  background-color: #cfd8dc;
  color: inherit;
}

.c6 .react-select__single-value {
  padding: 0 4px !important;
  margin: 0 !important;
  color: white;
  font-size: 14px;
}

.c6 .react-select__dropdown-indicator {
  padding: 4px 8px;
  color: rgba(255,255,255,0.56);
}

.c6 input {
  font-family: Ubuntu2,-apple-system,BlinkMacSystemFont,"Segoe UI",Helvetica,Arial,sans-serif,"Apple Color Emoji","Segoe UI Emoji","Segoe UI Symbol";
  font-size: 14px;
  height: 26px;
}

.c6 .react-select__input {
  color: white;
  height: 20px;
  font-size: 14px;
  font-family: Ubuntu2,-apple-system,BlinkMacSystemFont,"Segoe UI",Helvetica,Arial,sans-serif,"Apple Color Emoji","Segoe UI Emoji","Segoe UI Symbol";
}

.c6 .react-select__control {
  border-radius: 4px;
  border-color: rgba(255,255,255,0.24);
  background-color: #03203C;
  color: rgba(255,255,255,0.56);
}

.c6 .react-select__control:focus,
.c6 .react-select__control:active {
  background-color: #092F52;
}

.c6 .react-select__control:hover {
  border-color: rgba(255,255,255,0.24);
  background-color: #092F52;
}

.c6 .react-select__control:hover .react-select__dropdown-indicator {
  color: rgba(255,255,255,0.87);
}

.c6 .react-select__control--is-focused {
  background-color: #092F52;
  border-color: transparent;
  border-radius: 4px;
  border-style: solid;
  border-width: 1px;
  box-shadow: none;
  border-color: rgba(255,255,255,0.24);
}

.c6 .react-select__control--is-focused .react-select__dropdown-indicator {
  color: rgba(255,255,255,0.56);
}

.c6 .react-select__menu {
  border-top-left-radius: 0;
  border-top-right-radius: 0;
}

.c2 {
  box-sizing: border-box;
  margin-top: 24px;
  margin-left: auto;
  margin-right: auto;
  padding-left: 32px;
  padding-right: 32px;
  flex-direction: column;
  display: flex;
  flex: 1;
  max-width: 1024px;
}

.c2::after {
  content: ' ';
  padding-bottom: 24px;
}

<div
  class="c0"
  height="100%"
  style="position: absolute;"
  width="100%"
>
  <div
    class="c1"
    style="overflow: auto; background: rgb(1, 11, 28); display: flex; position: relative;"
  >
    <div
      class="c2"
    >
      <div
        class="c3"
      >
        <div
          class="c4"
          width="400px"
        >
          <label
            class="c5"
            font-size="0"
          >
             Clusters 
          </label>
          <div
            class="c6"
          >
            <div
              class="c7"
            >
              <div
                class="react-select-container css-2b097c-container"
              >
                <div
                  class="react-select__control css-yk16xz-control"
                >
                  <div
                    class="react-select__value-container react-select__value-container--has-value css-g1d714-ValueContainer"
                  >
                    <div
                      class="react-select__single-value css-1uccc91-singleValue"
                    >
                      cluseter-1
                    </div>
                    <div
                      class="css-b8ldur-Input"
                    >
                      <div
                        class="react-select__input"
                        style="display: inline-block;"
                      >
                        <input
                          aria-autocomplete="list"
                          autocapitalize="none"
                          autocomplete="off"
                          autocorrect="off"
                          id="react-select-2-input"
                          spellcheck="false"
                          style="box-sizing: content-box; width: 2px; border: 0px; opacity: 1; outline: 0; padding: 0px;"
                          tabindex="0"
                          type="text"
                          value=""
                        />
                        <div
                          style="position: absolute; top: 0px; left: 0px; visibility: hidden; height: 0px; overflow: scroll; white-space: pre; font-size: 14px; font-family: Ubuntu2,-apple-system,BlinkMacSystemFont,\\"Segoe UI\\",Helvetica,Arial,sans-serif,\\"Apple Color Emoji\\",\\"Segoe UI Emoji\\",\\"Segoe UI Symbol\\"; letter-spacing: normal; text-transform: none;"
                        />
                      </div>
                    </div>
                  </div>
                  <div
                    class="react-select__indicators css-1hb7zxy-IndicatorsContainer"
                  >
                    <span
                      class="react-select__indicator-separator css-1okebmr-indicatorSeparator"
                    />
                    <div
                      aria-hidden="true"
                      class="react-select__indicator react-select__dropdown-indicator css-tlfecz-indicatorContainer"
                    >
                      <svg
                        aria-hidden="true"
                        class="css-6q0nyr-Svg"
                        focusable="false"
                        height="20"
                        viewBox="0 0 20 20"
                        width="20"
                      >
                        <path
                          d="M4.516 7.548c0.436-0.446 1.043-0.481 1.576 0l3.908 3.747 3.908-3.747c0.533-0.481 1.141-0.446 1.574 0 0.436 0.445 0.408 1.197 0 1.615-0.406 0.418-4.695 4.502-4.695 4.502-0.217 0.223-0.502 0.335-0.787 0.335s-0.57-0.112-0.789-0.335c0 0-4.287-4.084-4.695-4.502s-0.436-1.17 0-1.615z"
                        />
                      </svg>
                    </div>
                  </div>
                </div>
              </div>
            </div>
          </div>
        </div>
        <div
          class="c8"
        >
          <label
            class="c5"
            font-size="0"
          >
            Quick Launch
          </label>
          <input
            class="sc-fzozJi c9"
            color="text.primary"
            height="34px"
            placeholder="login@host"
            width="240px"
          />
        </div>
      </div>
      <div>
        <div
          class="c10"
        >
          <input
            class="c11"
            color="text.primary"
            height="30px"
            placeholder="SEARCH..."
            value=""
          />
        </div>
        <div>
          <nav
            class="c12"
          >
            <div
              class="c13"
              color="primary.contrastText"
            >
              SHOWING 
              <strong>
                1
              </strong>
               - 
              <strong>
                5
              </strong>
               
              of 
              <strong>
                5
              </strong>
            </div>
            <div
              class="c14"
            >
              <button
                disabled=""
                title="Previous Page"
              >
                <span
                  class="c15 c16 icon icon-arrow-left-circle "
                  color="light"
                  font-size="3"
                />
              </button>
              <button
                disabled=""
                title="Next Page"
              >
                <span
                  class="c15 c16 icon icon-arrow-right-circle "
                  color="light"
                  font-size="3"
                />
              </button>
            </div>
          </nav>
          <table
            class="c17 c18"
          >
            <thead>
              <tr>
                <th>
                  <a>
                    Hostname
                    <span
                      class="c15 c19 icon icon-chevron-down "
                      color="light"
                    />
                  </a>
                </th>
                <th>
                  <a>
                    Address
                    <span
                      class="c15 c19 icon icon-chevrons-expand-vertical "
                      color="light"
                    />
                  </a>
                </th>
                <th>
                  Labels
                </th>
                <th />
              </tr>
            </thead>
            <tbody>
              <tr>
                <td>
                  duzsevkig
                </td>
                <td>
                  <span
                    style="cursor: default;"
                    title="This node is connected to cluster through reverse tunnel"
                  >
                    ⟵ tunnel
                  </span>
                </td>
                <td>
                  <div
                    class="c20"
                    kind="secondary"
                  >
                    cluster: one
                  </div>
                  <div
                    class="c20"
                    kind="secondary"
                  >
                    kernel: 4.15.0-51-generic
                  </div>
                </td>
                <td
                  align="right"
                >
                  <button
                    class="c21"
                    height="24px"
                    kind="border"
                  >
                    CONNECT
                    <span
                      class="c15 c22 icon icon-caret-down "
                      color="text.secondary"
                      font-size="2"
                    />
                  </button>
                </td>
              </tr>
              <tr>
                <td>
                  facuzguv
                </td>
                <td>
                  172.10.1.42:3022
                </td>
                <td>
                  <div
                    class="c20"
                    kind="secondary"
                  >
                    cluster: one
                  </div>
                  <div
                    class="c20"
                    kind="secondary"
                  >
                    kernel: 4.15.0-51-generic
                  </div>
                </td>
                <td
                  align="right"
                >
                  <button
                    class="c21"
                    height="24px"
                    kind="border"
                  >
                    CONNECT
                    <span
                      class="c15 c22 icon icon-caret-down "
                      color="text.secondary"
                      font-size="2"
                    />
                  </button>
                </td>
              </tr>
              <tr>
                <td>
                  fujedu
                </td>
                <td>
                  172.10.1.20:3022
                </td>
                <td>
                  <div
                    class="c20"
                    kind="secondary"
                  >
                    cluster: one
                  </div>
                  <div
                    class="c20"
                    kind="secondary"
                  >
                    kernel: 4.15.0-51-generic
                  </div>
                </td>
                <td
                  align="right"
                >
                  <button
                    class="c21"
                    height="24px"
                    kind="border"
                  >
                    CONNECT
                    <span
                      class="c15 c22 icon icon-caret-down "
                      color="text.secondary"
                      font-size="2"
                    />
                  </button>
                </td>
              </tr>
              <tr>
                <td>
                  kuhinur
                </td>
                <td>
                  <span
                    style="cursor: default;"
                    title="This node is connected to cluster through reverse tunnel"
                  >
                    ⟵ tunnel
                  </span>
                </td>
                <td>
                  <div
                    class="c20"
                    kind="secondary"
                  >
                    cluster: one
                  </div>
                  <div
                    class="c20"
                    kind="secondary"
                  >
                    kernel: 4.15.0-51-generic
                  </div>
                </td>
                <td
                  align="right"
                >
                  <button
                    class="c21"
                    height="24px"
                    kind="border"
                  >
                    CONNECT
                    <span
                      class="c15 c22 icon icon-caret-down "
                      color="text.secondary"
                      font-size="2"
                    />
                  </button>
                </td>
              </tr>
              <tr>
                <td>
                  zebpecda
                </td>
                <td>
                  172.10.1.24:3022
                </td>
                <td>
                  <div
                    class="c20"
                    kind="secondary"
                  >
                    cluster: one
                  </div>
                  <div
                    class="c20"
                    kind="secondary"
                  >
                    kernel: 4.15.0-51-generic
                  </div>
                  <div
                    class="c20"
                    kind="secondary"
                  >
                    lortavma: one
                  </div>
                  <div
                    class="c20"
                    kind="secondary"
                  >
                    lenisret: 4.15.0-51-generic
                  </div>
                  <div
                    class="c20"
                    kind="secondary"
                  >
                    lofdevod: one
                  </div>
                  <div
                    class="c20"
                    kind="secondary"
                  >
                    llhurlaz: 4.15.0-51-generic
                  </div>
                </td>
                <td
                  align="right"
                >
                  <button
                    class="c21"
                    height="24px"
                    kind="border"
                  >
                    CONNECT
                    <span
                      class="c15 c22 icon icon-caret-down "
                      color="text.secondary"
                      font-size="2"
                    />
                  </button>
                </td>
              </tr>
            </tbody>
          </table>
        </div>
      </div>
    </div>
  </div>
</div>
`;
