// Jest Snapshot v1, https://goo.gl/fbAQLP

exports[`created 1`] = `
.c8 {
  box-sizing: border-box;
  margin-bottom: 24px;
  margin-right: 16px;
  width: 320px;
}

.c11 {
  box-sizing: border-box;
  margin-bottom: 24px;
  width: 100%;
}

.c16 {
  line-height: 1.5;
  margin: 0;
  display: inline-flex;
  justify-content: center;
  align-items: center;
  box-sizing: border-box;
  border: none;
  border-radius: 4px;
  cursor: pointer;
  font-family: inherit;
  font-weight: 600;
  outline: none;
  position: relative;
  text-align: center;
  text-decoration: none;
  text-transform: uppercase;
  transition: all 0.3s;
  -webkit-font-smoothing: antialiased;
  background: #512FC9;
  color: rgba(255,255,255,0.87);
  min-height: 32px;
  font-size: 12px;
  padding: 0px 24px;
}

.c16:active {
  opacity: 0.56;
}

.c16:hover,
.c16:focus {
  background: #651FFF;
}

.c16:active {
  background: #354AA4;
}

.c16:disabled {
  background: rgba(255,255,255,0.12);
  color: rgba(255,255,255,0.3);
}

.c18 {
  line-height: 1.5;
  margin: 0;
  display: inline-flex;
  justify-content: center;
  align-items: center;
  box-sizing: border-box;
  border: none;
  border-radius: 4px;
  cursor: pointer;
  font-family: inherit;
  font-weight: 600;
  outline: none;
  position: relative;
  text-align: center;
  text-decoration: none;
  text-transform: uppercase;
  transition: all 0.3s;
  -webkit-font-smoothing: antialiased;
  background: #512FC9;
  color: rgba(255,255,255,0.87);
  min-height: 32px;
  font-size: 12px;
  padding: 0px 24px;
  margin-right: 16px;
}

.c18:active {
  opacity: 0.56;
}

.c18:hover,
.c18:focus {
  background: #651FFF;
}

.c18:active {
  background: #354AA4;
}

.c18:disabled {
  background: rgba(255,255,255,0.12);
  color: rgba(255,255,255,0.3);
}

.c19 {
  line-height: 1.5;
  margin: 0;
  display: inline-flex;
  justify-content: center;
  align-items: center;
  box-sizing: border-box;
  border: none;
  border-radius: 4px;
  cursor: pointer;
  font-family: inherit;
  font-weight: 600;
  outline: none;
  position: relative;
  text-align: center;
  text-decoration: none;
  text-transform: uppercase;
  transition: all 0.3s;
  -webkit-font-smoothing: antialiased;
  background: #222C59;
  color: rgba(255,255,255,0.87);
  min-height: 32px;
  font-size: 12px;
  padding: 0px 24px;
}

.c19:active {
  opacity: 0.56;
}

.c19:hover,
.c19:focus {
  background: #2C3A73;
}

.c19:disabled {
  background: rgba(255,255,255,0.12);
  color: rgba(255,255,255,0.3);
}

.c10 {
  appearance: none;
  border: none;
  border-radius: 4px;
  box-shadow: inset 0 2px 4px rgba(0,0,0,.24);
  box-sizing: border-box;
  display: block;
  height: 40px;
  font-size: 16px;
  padding: 0 16px;
  outline: none;
  width: 100%;
  color: #324148;
  background-color: #FFFFFF;
}

.c10::-ms-clear {
  display: none;
}

.c10::placeholder {
  opacity: 0.4;
}

.c10:read-only {
  cursor: not-allowed;
}

.c9 {
  color: #FFFFFF;
  display: block;
  font-size: 11px;
  font-weight: 500;
  text-transform: uppercase;
  width: 100%;
  margin-bottom: 4px;
}

.c5 {
  overflow: hidden;
  text-overflow: ellipsis;
  font-weight: 300;
  font-size: 22px;
  line-height: 32px;
  text-transform: uppercase;
  margin: 0px;
  margin-right: auto;
  color: rgba(255,255,255,0.87);
}

.c12 {
  overflow: hidden;
  text-overflow: ellipsis;
  margin: 0px;
  margin-bottom: 16px;
}

.c13 {
  overflow: hidden;
  text-overflow: ellipsis;
  font-weight: 600;
  margin: 0px;
}

.c15 {
  overflow: hidden;
  text-overflow: ellipsis;
  margin: 0px;
  margin-right: 16px;
}

.c4 {
  box-sizing: border-box;
  margin-bottom: 24px;
  display: flex;
  align-items: center;
  justify-content: space-between;
}

.c7 {
  box-sizing: border-box;
  display: flex;
  align-items: center;
  flex-direction: row;
}

.c14 {
  box-sizing: border-box;
  margin-bottom: 8px;
  padding: 8px;
  background-color: #010B1C;
  border-radius: 4px;
  display: flex;
  align-items: center;
  justify-content: space-between;
}

.c1 {
  z-index: -1;
  position: fixed;
  right: 0;
  bottom: 0;
  top: 0;
  left: 0;
  background-color: rgba(0,0,0,0.5);
  opacity: 1;
  touch-action: none;
}

.c0 {
  position: fixed;
  z-index: 1200;
  right: 0;
  bottom: 0;
  top: 0;
  left: 0;
}

.c2 {
  height: 100%;
  outline: none;
  color: black;
  display: flex;
  align-items: center;
  justify-content: center;
  opacity: 1;
  will-change: opacity;
  transition: opacity 225ms cubic-bezier(0.4,0,0.2,1) 0ms;
}

.c3 {
  padding: 32px;
  padding-top: 24px;
  background: #1C254D;
  color: rgba(255,255,255,0.87);
  border-radius: 8px;
  box-shadow: 0 8px 32px rgba(0,0,0,0.24);
  display: flex;
  flex-direction: column;
  position: relative;
  overflow-y: auto;
  max-height: calc(100% - 96px);
  max-width: 600px;
  width: 100%;
  min-height: 330px;
}

.c6 {
  box-sizing: border-box;
  margin-bottom: 32px;
  min-height: 254px;
  flex: 0 0 auto;
  display: flex;
  flex-direction: column;
}

.c17 {
  box-sizing: border-box;
}

<div
  class="c0"
  data-testid="Modal"
>
  <div
    aria-hidden="true"
    class="c1"
    data-testid="backdrop"
  />
  <div
    class="c2"
  >
    <div
      class="c3"
      data-testid="dialogbox"
    >
      <div
        class="c4"
      >
        <div
          class="c5"
          color="text.primary"
        >
          Add Application
        </div>
      </div>
      <div
        class="c6"
      >
        <div
          class="c7"
        >
          <div
            class="c8"
            width="320px"
          >
            <label
              class="c9"
              font-size="0"
            >
              App Name
            </label>
            <input
              autocomplete="off"
              class="c10"
              color="text.onLight"
              placeholder="jenkins"
              type="text"
              value=""
            />
          </div>
          <div
            class="c11"
            width="100%"
          >
            <label
              class="c9"
              font-size="0"
            >
              APP URI
            </label>
            <input
              autocomplete="off"
              class="c10"
              color="text.onLight"
              placeholder="https://localhost:4000"
              type="text"
              value=""
            />
          </div>
        </div>
        <div
          class="c12"
        >
          Use below script to add an application to your cluster. 
          <br />
          The script will be valid for
          <span
            class="c13"
          >
             in 1 hour
          </span>
        </div>
        <div
          class="c14"
        >
          <div
            class="c15"
            style="word-break: break-all; font-size: 12px; font-family: \\"Droid Sans Mono\\", \\"monospace\\", monospace, \\"Droid Sans Fallback\\";"
          >
            sudo bash -c "$(curl -fsSL 'http://localhost/scripts/86/install-app.sh?name=test&uri=http://myapp/')"
          </div>
          <button
            class="c16"
            kind="primary"
            style="padding: 4px 8px; min-height: 10px; font-size: 10px;"
          >
            Copy
          </button>
        </div>
      </div>
      <div
        class="c17"
      >
        <button
          class="c18"
          kind="primary"
        >
          Re-generate
        </button>
        <button
          class="c19"
          kind="secondary"
        >
          Close
        </button>
      </div>
    </div>
  </div>
</div>
`;

exports[`loaded 1`] = `
.c8 {
  box-sizing: border-box;
  margin-bottom: 24px;
  margin-right: 16px;
  width: 320px;
}

.c11 {
  box-sizing: border-box;
  margin-bottom: 24px;
  width: 100%;
}

.c16 {
  line-height: 1.5;
  margin: 0;
  display: inline-flex;
  justify-content: center;
  align-items: center;
  box-sizing: border-box;
  border: none;
  border-radius: 4px;
  cursor: pointer;
  font-family: inherit;
  font-weight: 600;
  outline: none;
  position: relative;
  text-align: center;
  text-decoration: none;
  text-transform: uppercase;
  transition: all 0.3s;
  -webkit-font-smoothing: antialiased;
  background: #512FC9;
  color: rgba(255,255,255,0.87);
  min-height: 32px;
  font-size: 12px;
  padding: 0px 24px;
}

.c16:active {
  opacity: 0.56;
}

.c16:hover,
.c16:focus {
  background: #651FFF;
}

.c16:active {
  background: #354AA4;
}

.c16:disabled {
  background: rgba(255,255,255,0.12);
  color: rgba(255,255,255,0.3);
}

.c18 {
  line-height: 1.5;
  margin: 0;
  display: inline-flex;
  justify-content: center;
  align-items: center;
  box-sizing: border-box;
  border: none;
  border-radius: 4px;
  cursor: pointer;
  font-family: inherit;
  font-weight: 600;
  outline: none;
  position: relative;
  text-align: center;
  text-decoration: none;
  text-transform: uppercase;
  transition: all 0.3s;
  -webkit-font-smoothing: antialiased;
  background: #512FC9;
  color: rgba(255,255,255,0.87);
  min-height: 32px;
  font-size: 12px;
  padding: 0px 24px;
  margin-right: 16px;
}

.c18:active {
  opacity: 0.56;
}

.c18:hover,
.c18:focus {
  background: #651FFF;
}

.c18:active {
  background: #354AA4;
}

.c18:disabled {
  background: rgba(255,255,255,0.12);
  color: rgba(255,255,255,0.3);
}

.c19 {
  line-height: 1.5;
  margin: 0;
  display: inline-flex;
  justify-content: center;
  align-items: center;
  box-sizing: border-box;
  border: none;
  border-radius: 4px;
  cursor: pointer;
  font-family: inherit;
  font-weight: 600;
  outline: none;
  position: relative;
  text-align: center;
  text-decoration: none;
  text-transform: uppercase;
  transition: all 0.3s;
  -webkit-font-smoothing: antialiased;
  background: #222C59;
  color: rgba(255,255,255,0.87);
  min-height: 32px;
  font-size: 12px;
  padding: 0px 24px;
}

.c19:active {
  opacity: 0.56;
}

.c19:hover,
.c19:focus {
  background: #2C3A73;
}

.c19:disabled {
  background: rgba(255,255,255,0.12);
  color: rgba(255,255,255,0.3);
}

.c10 {
  appearance: none;
  border: none;
  border-radius: 4px;
  box-shadow: inset 0 2px 4px rgba(0,0,0,.24);
  box-sizing: border-box;
  display: block;
  height: 40px;
  font-size: 16px;
  padding: 0 16px;
  outline: none;
  width: 100%;
  color: #324148;
  background-color: #FFFFFF;
}

.c10::-ms-clear {
  display: none;
}

.c10::placeholder {
  opacity: 0.4;
}

.c10:read-only {
  cursor: not-allowed;
}

.c9 {
  color: #FFFFFF;
  display: block;
  font-size: 11px;
  font-weight: 500;
  text-transform: uppercase;
  width: 100%;
  margin-bottom: 4px;
}

.c5 {
  overflow: hidden;
  text-overflow: ellipsis;
  font-weight: 300;
  font-size: 22px;
  line-height: 32px;
  text-transform: uppercase;
  margin: 0px;
  margin-right: auto;
  color: rgba(255,255,255,0.87);
}

.c12 {
  overflow: hidden;
  text-overflow: ellipsis;
  margin: 0px;
  margin-bottom: 16px;
}

.c13 {
  overflow: hidden;
  text-overflow: ellipsis;
  font-weight: 600;
  margin: 0px;
}

.c15 {
  overflow: hidden;
  text-overflow: ellipsis;
  margin: 0px;
  margin-right: 16px;
}

.c4 {
  box-sizing: border-box;
  margin-bottom: 24px;
  display: flex;
  align-items: center;
  justify-content: space-between;
}

.c7 {
  box-sizing: border-box;
  display: flex;
  align-items: center;
  flex-direction: row;
}

.c14 {
  box-sizing: border-box;
  margin-bottom: 8px;
  padding: 8px;
  background-color: #010B1C;
  border-radius: 4px;
  display: flex;
  align-items: center;
  justify-content: space-between;
}

.c1 {
  z-index: -1;
  position: fixed;
  right: 0;
  bottom: 0;
  top: 0;
  left: 0;
  background-color: rgba(0,0,0,0.5);
  opacity: 1;
  touch-action: none;
}

.c0 {
  position: fixed;
  z-index: 1200;
  right: 0;
  bottom: 0;
  top: 0;
  left: 0;
}

.c2 {
  height: 100%;
  outline: none;
  color: black;
  display: flex;
  align-items: center;
  justify-content: center;
  opacity: 1;
  will-change: opacity;
  transition: opacity 225ms cubic-bezier(0.4,0,0.2,1) 0ms;
}

.c3 {
  padding: 32px;
  padding-top: 24px;
  background: #1C254D;
  color: rgba(255,255,255,0.87);
  border-radius: 8px;
  box-shadow: 0 8px 32px rgba(0,0,0,0.24);
  display: flex;
  flex-direction: column;
  position: relative;
  overflow-y: auto;
  max-height: calc(100% - 96px);
  max-width: 600px;
  width: 100%;
  min-height: 330px;
}

.c6 {
  box-sizing: border-box;
  margin-bottom: 32px;
  min-height: 254px;
  flex: 0 0 auto;
  display: flex;
  flex-direction: column;
}

.c17 {
  box-sizing: border-box;
}

<div
  class="c0"
  data-testid="Modal"
>
  <div
    aria-hidden="true"
    class="c1"
    data-testid="backdrop"
  />
  <div
    class="c2"
  >
    <div
      class="c3"
      data-testid="dialogbox"
    >
      <div
        class="c4"
      >
        <div
          class="c5"
          color="text.primary"
        >
          Add Application
        </div>
      </div>
      <div
        class="c6"
      >
        <div
          class="c7"
        >
          <div
            class="c8"
            width="320px"
          >
            <label
              class="c9"
              font-size="0"
            >
              App Name
            </label>
            <input
              autocomplete="off"
              class="c10"
              color="text.onLight"
              placeholder="jenkins"
              type="text"
              value=""
            />
          </div>
          <div
            class="c11"
            width="100%"
          >
            <label
              class="c9"
              font-size="0"
            >
              APP URI
            </label>
            <input
              autocomplete="off"
              class="c10"
              color="text.onLight"
              placeholder="https://localhost:4000"
              type="text"
              value=""
            />
          </div>
        </div>
        <div
          class="c12"
        >
          Use below script to add an application to your cluster. 
          <br />
          The script will be valid for
          <span
            class="c13"
          >
             in 1 hour
          </span>
        </div>
        <div
          class="c14"
        >
          <div
            class="c15"
            style="word-break: break-all; font-size: 12px; font-family: \\"Droid Sans Mono\\", \\"monospace\\", monospace, \\"Droid Sans Fallback\\";"
          >
            sudo bash -c "$(curl -fsSL 'http://localhost/scripts/86/install-app.sh?name=test&uri=http://myapp/')"
          </div>
          <button
            class="c16"
            kind="primary"
            style="padding: 4px 8px; min-height: 10px; font-size: 10px;"
          >
            Copy
          </button>
        </div>
      </div>
      <div
        class="c17"
      >
        <button
          class="c18"
          kind="primary"
        >
          Re-generate
        </button>
        <button
          class="c19"
          kind="secondary"
        >
          Close
        </button>
      </div>
    </div>
  </div>
</div>
`;
