// Jest Snapshot v1, https://goo.gl/fbAQLP

exports[`rendering of ClusterTopBar 1`] = `
.c5 {
  display: inline-block;
  transition: color .3s;
  margin-left: 8px;
  margin-right: 8px;
  color: rgba(255,255,255,0.56);
  font-size: 12px;
}

.c7 {
  line-height: 1.5;
  border-radius: 4px;
  display: inline-flex;
  justify-content: center;
  align-items: center;
  border: 1px solid;
  box-sizing: border-box;
  background-color: transparent;
  cursor: pointer;
  font-family: inherit;
  font-weight: bold;
  outline: none;
  opacity: .56;
  position: relative;
  text-align: center;
  text-decoration: none;
  text-transform: uppercase;
  transition: all .3s;
  -webkit-font-smoothing: antialiased;
  border-color: rgba(255,255,255,0.87);
  color: #FFFFFF;
  font-size: 10px;
  min-height: 24px;
  padding: 0px 16px;
  border-color: rgba(255,255,255,0.87);
  color: rgba(255,255,255,0.87);
}

.c7:hover {
  opacity: 1;
}

.c7:active {
  opacity: .24;
}

.c7 > span {
  display: flex;
  align-items: center;
  justify-content: center;
}

.c7:hover,
.c7:focus {
  border-color: #FFFFFF;
  color: #FFFFFF;
}

.c7:disabled {
  background: rgba(255,255,255,0.12);
  color: rgba(255,255,255,0.3);
}

.c7:hover,
.c7:focus {
  border-color: #FFFFFF;
  color: #FFFFFF;
}

.c2 {
  display: block;
  outline: none;
  margin-left: 16px;
  margin-right: 16px;
  max-width: 160px;
  max-height: 24px;
}

.c6 {
  overflow: hidden;
  text-overflow: ellipsis;
  font-weight: 400;
  font-size: 16px;
  line-height: 24px;
  margin: 0px;
  margin-right: 16px;
  color: rgba(255,255,255,0.87);
}

.c10 {
  overflow: hidden;
  text-overflow: ellipsis;
  font-weight: 600;
  font-size: 12px;
  margin: 0px;
}

.c0 {
  box-sizing: border-box;
  height: 56px;
  background-color: #1C254D;
  flex: 0 0 auto;
  display: flex;
  align-items: center;
  flex-direction: row;
}

.c3 {
  box-sizing: border-box;
  display: flex;
  align-items: center;
}

.c8 {
  box-sizing: border-box;
  margin-left: auto;
  height: 100%;
  display: flex;
}

.c1 {
  align-items: center;
  background: none;
  border: none;
  color: rgba(255,255,255,.56);
  cursor: pointer;
  display: inline-flex;
  font-size: 11px;
  font-weight: 600;
  height: 100%;
  margin: 0;
  outline: none;
  padding: 0 16px;
  position: relative;
  text-decoration: none;
  width: 208px;
}

.c1:hover,
.c1:focus {
  background: rgba(255,255,255,.06);
}

.c1.active {
  background: #222C59;
  color: #FFFFFF;
}

.c1.active:after {
  background-color: #651FFF;
  content: "";
  position: absolute;
  bottom: 0;
  left: 0;
  width: 100%;
  height: 4px;
}

.c9 {
  align-items: center;
  background: none;
  border: none;
  color: rgba(255,255,255,.56);
  cursor: pointer;
  display: inline-flex;
  font-size: 11px;
  font-weight: 600;
  height: 100%;
  margin: 0;
  outline: none;
  padding: 0 16px;
  position: relative;
  text-decoration: none;
  margin-left: auto;
  max-width: 250px;
}

.c9:hover,
.c9:focus {
  background: rgba(255,255,255,.06);
}

.c9.active {
  background: #222C59;
  color: #FFFFFF;
}

.c9.active:after {
  background-color: #651FFF;
  content: "";
  position: absolute;
  bottom: 0;
  left: 0;
  width: 100%;
  height: 4px;
}

.c11 {
  align-items: center;
  background: #651FFF;
  border-radius: 50%;
  display: flex;
  font-size: 14px;
  font-weight: bold;
  justify-content: center;
  height: 32px;
  margin-left: 16px;
  width: 100%;
  max-width: 32px;
  min-width: 32px;
}

.c4 {
  overflow: hidden;
  text-overflow: ellipsis;
  font-weight: 400;
  font-size: 16px;
  line-height: 24px;
  margin: 0px;
  margin-left: 40px;
  color: rgba(255,255,255,0.56);
  text-decoration: none;
  font-size: 14px;
  font-weight: 300;
  white-space: nowrap;
}

.c4:hover {
  color: rgba(255,255,255,0.87);
}

<nav
  class="sc-AxiKw c0"
  height="56px"
  style="z-index: 1; box-shadow: 0 4px 16px rgba(0,0,0,.24); overflow-x: auto;"
>
  <a
    class="c1"
    href="/web"
    width="208px"
  >
    <img
      class="c2"
      src="file_stub"
    />
  </a>
  <div
    class="sc-AxiKw c3"
  >
    <a
      class="c4"
      color="text.secondary"
      href="/web"
      m="0"
      ml="6"
      theme="[object Object]"
      title="Go back to cluster list"
      typography="h5"
    >
      All Clusters
    </a>
    <span
      class="c5 icon icon-chevron-right "
      color="text.secondary"
      font-size="12"
    />
    <div
      class="c6"
      color="text.primary"
      style="max-width: 200px; white-space: nowrap;"
      title="localhost"
    >
      localhost
    </div>
    <button
      class="c7"
      style="white-space: nowrap;"
    >
      <span>
        Cluster Info
      </span>
    </button>
  </div>
  <div
    class="sc-AxiKw c8"
    height="100%"
  >
    <button
      class="c9"
    >
      <div
        class="c10"
        font-size="12px"
      >
        Timothy Kim
      </div>
      <div
        class="c11"
      >
        T
      </div>
    </button>
  </div>
</nav>
`;
