// Jest Snapshot v1, https://goo.gl/fbAQLP

exports[`bash set to false does not render $ sign 1`] = `
.c2 {
  line-height: 1.5;
  margin: 0;
  display: inline-flex;
  justify-content: center;
  align-items: center;
  box-sizing: border-box;
  border: none;
  border-radius: 4px;
  cursor: pointer;
  font-family: inherit;
  font-weight: 600;
  outline: none;
  position: relative;
  text-align: center;
  text-decoration: none;
  text-transform: uppercase;
  transition: all 0.3s;
  -webkit-font-smoothing: antialiased;
  background: #512FC9;
  color: rgba(255,255,255,0.87);
  min-height: 32px;
  font-size: 12px;
  padding: 0px 24px;
}

.c2:active {
  opacity: 0.56;
}

.c2:hover,
.c2:focus {
  background: #651FFF;
}

.c2:active {
  background: #354AA4;
}

.c2:disabled {
  background: rgba(255,255,255,0.12);
  color: rgba(255,255,255,0.3);
}

.c1 {
  overflow: hidden;
  text-overflow: ellipsis;
  margin: 0px;
  margin-right: 16px;
}

.c0 {
  box-sizing: border-box;
  padding: 8px;
  background-color: #010B1C;
  border-radius: 4px;
  display: flex;
  align-items: center;
  justify-content: space-between;
}

<div>
  <div
    class="sc-AxirZ c0"
  >
    <div
      class="c1"
      style="word-break: break-all; font-size: 12px; font-family: \\"Droid Sans Mono\\", \\"monospace\\", monospace, \\"Droid Sans Fallback\\";"
    >
      some text to be copied
    </div>
    <button
      class="c2"
      kind="primary"
      style="padding: 4px 8px; min-height: 10px; font-size: 10px;"
    >
      Copy
    </button>
  </div>
</div>
`;

exports[`default, renders $ sign 1`] = `
.c2 {
  line-height: 1.5;
  margin: 0;
  display: inline-flex;
  justify-content: center;
  align-items: center;
  box-sizing: border-box;
  border: none;
  border-radius: 4px;
  cursor: pointer;
  font-family: inherit;
  font-weight: 600;
  outline: none;
  position: relative;
  text-align: center;
  text-decoration: none;
  text-transform: uppercase;
  transition: all 0.3s;
  -webkit-font-smoothing: antialiased;
  background: #512FC9;
  color: rgba(255,255,255,0.87);
  min-height: 32px;
  font-size: 12px;
  padding: 0px 24px;
}

.c2:active {
  opacity: 0.56;
}

.c2:hover,
.c2:focus {
  background: #651FFF;
}

.c2:active {
  background: #354AA4;
}

.c2:disabled {
  background: rgba(255,255,255,0.12);
  color: rgba(255,255,255,0.3);
}

.c1 {
  overflow: hidden;
  text-overflow: ellipsis;
  margin: 0px;
  margin-right: 16px;
}

.c0 {
  box-sizing: border-box;
  padding: 8px;
  background-color: #010B1C;
  border-radius: 4px;
  display: flex;
  align-items: center;
  justify-content: space-between;
}

<div>
  <div
    class="sc-AxirZ c0"
  >
    <div
      class="c1"
      style="word-break: break-all; font-size: 12px; font-family: \\"Droid Sans Mono\\", \\"monospace\\", monospace, \\"Droid Sans Fallback\\";"
    >
      $ some bash command
    </div>
    <button
      class="c2"
      kind="primary"
      style="padding: 4px 8px; min-height: 10px; font-size: 10px;"
    >
      Copy
    </button>
  </div>
</div>
`;
