// Jest Snapshot v1, https://goo.gl/fbAQLP

exports[`render cluster nodes 1`] = `
.c14 {
  line-height: 1.5;
  margin: 0;
  display: inline-flex;
  justify-content: center;
  align-items: center;
  box-sizing: border-box;
  border: none;
  border-radius: 4px;
  cursor: pointer;
  font-family: inherit;
  font-weight: 600;
  outline: none;
  position: relative;
  text-align: center;
  text-decoration: none;
  text-transform: uppercase;
  transition: all 0.3s;
  -webkit-font-smoothing: antialiased;
  background: #2C3A73;
  border: 1px solid #1C254D;
  opacity: .87;
  color: rgba(255,255,255,0.87);
  font-size: 10px;
  min-height: 24px;
  padding: 0px 16px;
}

.c14:active {
  opacity: 0.56;
}

.c14:hover,
.c14:focus {
  background: #2C3A73;
  opacity: 1;
}

.c14:active {
  opacity: 0.24;
}

.c14:disabled {
  background: rgba(255,255,255,0.12);
  color: rgba(255,255,255,0.3);
}

.c9 {
  display: inline-block;
  transition: color .3s;
  color: #FFFFFF;
  font-size: 16px;
}

.c12 {
  display: inline-block;
  transition: color .3s;
  color: #FFFFFF;
}

.c13 {
  box-sizing: border-box;
  border-radius: 100px;
  display: inline-flex;
  align-items: center;
  justify-content: center;
  min-height: 16px;
  font-size: 10px;
  font-weight: 500;
  padding: 0 8px;
  text-transform: uppercase;
  background-color: #512FC9;
}

.c3 {
  overflow: hidden;
  text-overflow: ellipsis;
  font-weight: 300;
  font-size: 28px;
  line-height: 32px;
  margin: 0px;
  margin-right: 32px;
}

.c6 {
  overflow: hidden;
  text-overflow: ellipsis;
  font-weight: 400;
  font-size: 12px;
  line-height: 16px;
  margin: 0px;
  color: #FFFFFF;
}

.c2 {
  box-sizing: border-box;
  flex: 1;
  display: flex;
  align-items: center;
}

.c4 {
  box-sizing: border-box;
  font-size: 12px;
  min-width: 200px;
  outline: none;
  border: none;
  border-radius: 200px;
  height: 32px;
  transition: all .2s;
  background: #222C59;
  margin-left: auto;
  padding-left: 16px;
  padding-right: 16px;
  color: rgba(255,255,255,0.87);
  background-color: #222C59;
}

.c4:hover {
  background: #2C3A73;
}

.c4:focus,
.c4:active {
  background: #FFFFFF;
  box-shadow: inset 0 2px 4px rgba(0,0,0,.24);
  color: #324148;
}

.c4::placeholder {
  color: rgba(255,255,255,0.24);
  font-size: 12px;
}

.c1 {
  box-sizing: border-box;
  margin-top: 24px;
  margin-bottom: 24px;
  display: flex;
  align-items: center;
  flex-shrink: 0;
}

.c0 {
  box-sizing: border-box;
  padding-left: 40px;
  padding-right: 40px;
  display: flex;
  flex-direction: column;
  overflow: auto;
  width: 100%;
  height: 100%;
}

.c0::after {
  content: ' ';
  padding-bottom: 24px;
}

.c10 {
  background: #222C59;
  box-shadow: 0 8px 32px rgba(0,0,0,0.24);
  border-collapse: collapse;
  border-spacing: 0;
  border-radius: 8px;
  font-size: 12px;
  width: 100%;
}

.c10 > thead > tr > th,
.c10 > tbody > tr > th,
.c10 > tfoot > tr > th,
.c10 > thead > tr > td,
.c10 > tbody > tr > td,
.c10 > tfoot > tr > td {
  padding: 8px 8px;
  vertical-align: middle;
}

.c10 > thead > tr > th:first-child,
.c10 > tbody > tr > th:first-child,
.c10 > tfoot > tr > th:first-child,
.c10 > thead > tr > td:first-child,
.c10 > tbody > tr > td:first-child,
.c10 > tfoot > tr > td:first-child {
  padding-left: 24px;
}

.c10 > thead > tr > th:last-child,
.c10 > tbody > tr > th:last-child,
.c10 > tfoot > tr > th:last-child,
.c10 > thead > tr > td:last-child,
.c10 > tbody > tr > td:last-child,
.c10 > tfoot > tr > td:last-child {
  padding-right: 24px;
}

.c10 > thead > tr > th {
  background: #111B48;
  color: rgba(255,255,255,0.56);
  cursor: pointer;
  font-size: 10px;
  font-weight: 400;
  padding-bottom: 0;
  padding-top: 0;
  text-align: left;
  text-transform: uppercase;
  white-space: nowrap;
}

.c10 > thead > tr > th .c8 {
  font-weight: bold;
  font-size: 8px;
  margin-left: 8px;
}

.c10 > tbody > tr > td {
  color: rgba(255,255,255,0.87);
  line-height: 16px;
}

.c7 button {
  background: none;
  border: none;
  border-radius: 200px;
  cursor: pointer;
  padding: 0;
  margin: 0 0 0 8px;
  outline: none;
  transition: all 0.3s;
  text-align: center;
}

.c7 button:hover {
  background: #1C254D;
}

.c7 button:hover .c8 {
  opacity: 1;
}

.c7 button .c8 {
  opacity: 0.4;
  font-size: 20px;
  transition: all 0.3s;
}

.c5 {
  padding: 8px 24px;
  display: flex;
  height: 24px;
  flex-shrink: 0;
  align-items: center;
  justify-content: space-between;
  background: #222C59;
  border-top-left-radius: 8px;
  border-top-right-radius: 8px;
}

.c11 td {
  padding: 4px 24px !important;
  height: 22px;
}

.c11 tbody tr {
  border-bottom: 1px solid #1C254D;
}

.c11 tbody tr:hover {
  cursor: pointer;
  background-color: #2C3A73;
  border-bottom: 1px solid #2C3A73;
}

<div
  class="sc-AxirZ c0"
>
  <div
    class="sc-AxirZ c1"
  >
    <div
      class="sc-AxirZ c2"
    >
      <h2
        class="c3"
      >
        Clusters
      </h2>
      <input
        class="c4"
        color="text.primary"
        placeholder="SEARCH..."
        value=""
      />
    </div>
  </div>
  <nav
    class="c5"
  >
    <div
      class="c6"
      color="primary.contrastText"
    >
      SHOWING 
      <strong>
        1
      </strong>
       to 
      <strong>
        37
      </strong>
       of
       
      <strong>
        37
      </strong>
    </div>
    <div
      class="c7"
    >
      <button
        disabled=""
        title="Previous Page"
      >
        <span
          class="c8 c9 icon icon-arrow-left-circle "
          color="light"
          font-size="3"
        />
      </button>
      <button
        disabled=""
        title="Next Page"
      >
        <span
          class="c8 c9 icon icon-arrow-right-circle "
          color="light"
          font-size="3"
        />
      </button>
    </div>
  </nav>
  <table
    class="c10 c11"
  >
    <thead>
      <tr>
        <th
          style="width: 40px;"
        />
        <th>
          <a>
            Name
            <span
              class="c8 c12 icon icon-chevrons-expand-vertical "
              color="light"
            />
          </a>
        </th>
        <th>
          <a>
            Version
            <span
              class="c8 c12 icon icon-chevrons-expand-vertical "
              color="light"
            />
          </a>
        </th>
        <th>
          <a>
            Nodes
            <span
              class="c8 c12 icon icon-chevrons-expand-vertical "
              color="light"
            />
          </a>
        </th>
        <th>
          <a>
            Public URL
            <span
              class="c8 c12 icon icon-chevrons-expand-vertical "
              color="light"
            />
          </a>
        </th>
        <th />
      </tr>
    </thead>
    <tbody>
      <tr>
        <td>
          <div
            class="c13"
            kind="primary"
          >
            Root
          </div>
        </td>
        <td>
          <strong>
            localhost
          </strong>
        </td>
        <td>
          1.2.3
        </td>
        <td>
          30
        </td>
        <td>
          https://abc.example.com:333/web
        </td>
        <td
          align="right"
        >
          <a
            class="c14"
            href="/web/cluster/localhost"
            kind="border"
            theme="[object Object]"
          >
            View
          </a>
        </td>
      </tr>
      <tr>
        <td />
        <td>
          <strong>
            nidvojik
          </strong>
        </td>
        <td>
          1.2.3
        </td>
        <td>
          21
        </td>
        <td>
          https://abc.example.com:333/web
        </td>
        <td
          align="right"
        >
          <a
            class="c14"
            href="/web/cluster/nidvojik"
            kind="border"
            theme="[object Object]"
          >
            View
          </a>
        </td>
      </tr>
      <tr>
        <td />
        <td>
          <strong>
            lidtabih
          </strong>
        </td>
        <td>
          1.2.3
        </td>
        <td>
          35
        </td>
        <td>
          https://abc.example.com:333/web
        </td>
        <td
          align="right"
        >
          <a
            class="c14"
            href="/web/cluster/lidtabih"
            kind="border"
            theme="[object Object]"
          >
            View
          </a>
        </td>
      </tr>
      <tr>
        <td />
        <td>
          <strong>
            farovluv
          </strong>
        </td>
        <td>
          1.2.3
        </td>
        <td>
          12
        </td>
        <td>
          https://abc.example.com:333/web
        </td>
        <td
          align="right"
        >
          <a
            class="c14"
            href="/web/cluster/farovluv"
            kind="border"
            theme="[object Object]"
          >
            View
          </a>
        </td>
      </tr>
      <tr>
        <td />
        <td>
          <strong>
            rozpaari
          </strong>
        </td>
        <td>
          1.2.3
        </td>
        <td>
          32
        </td>
        <td>
          https://abc.example.com:333/web
        </td>
        <td
          align="right"
        >
          <a
            class="c14"
            href="/web/cluster/rozpaari"
            kind="border"
            theme="[object Object]"
          >
            View
          </a>
        </td>
      </tr>
      <tr>
        <td />
        <td>
          <strong>
            wetjolune
          </strong>
        </td>
        <td>
          1.2.3
        </td>
        <td>
          8
        </td>
        <td>
          https://abc.example.com:333/web
        </td>
        <td
          align="right"
        >
          <a
            class="c14"
            href="/web/cluster/wetjolune"
            kind="border"
            theme="[object Object]"
          >
            View
          </a>
        </td>
      </tr>
      <tr>
        <td />
        <td>
          <strong>
            dashawic
          </strong>
        </td>
        <td>
          1.2.3
        </td>
        <td>
          11
        </td>
        <td>
          https://abc.example.com:333/web
        </td>
        <td
          align="right"
        >
          <a
            class="c14"
            href="/web/cluster/dashawic"
            kind="border"
            theme="[object Object]"
          >
            View
          </a>
        </td>
      </tr>
      <tr>
        <td />
        <td>
          <strong>
            jesushenry58
          </strong>
        </td>
        <td>
          1.2.239
        </td>
        <td>
          23
        </td>
        <td>
          https://abc.example.com:333/web
        </td>
        <td
          align="right"
        >
          <a
            class="c14"
            href="/web/cluster/jesushenry58"
            kind="border"
            theme="[object Object]"
          >
            View
          </a>
        </td>
      </tr>
      <tr>
        <td />
        <td>
          <strong>
            jordansimpson35
          </strong>
        </td>
        <td>
          1.2.20
        </td>
        <td>
          23
        </td>
        <td>
          https://abc.example.com:333/web
        </td>
        <td
          align="right"
        >
          <a
            class="c14"
            href="/web/cluster/jordansimpson35"
            kind="border"
            theme="[object Object]"
          >
            View
          </a>
        </td>
      </tr>
      <tr>
        <td />
        <td>
          <strong>
            leonamann249
          </strong>
        </td>
        <td>
          1.2.245
        </td>
        <td>
          23
        </td>
        <td>
          https://abc.example.com:333/web
        </td>
        <td
          align="right"
        >
          <a
            class="c14"
            href="/web/cluster/leonamann249"
            kind="border"
            theme="[object Object]"
          >
            View
          </a>
        </td>
      </tr>
      <tr>
        <td />
        <td>
          <strong>
            bessiecohen207
          </strong>
        </td>
        <td>
          1.2.239
        </td>
        <td>
          23
        </td>
        <td>
          https://abc.example.com:333/web
        </td>
        <td
          align="right"
        >
          <a
            class="c14"
            href="/web/cluster/bessiecohen207"
            kind="border"
            theme="[object Object]"
          >
            View
          </a>
        </td>
      </tr>
      <tr>
        <td />
        <td>
          <strong>
            philipjohnson10
          </strong>
        </td>
        <td>
          1.2.20
        </td>
        <td>
          23
        </td>
        <td>
          https://abc.example.com:333/web
        </td>
        <td
          align="right"
        >
          <a
            class="c14"
            href="/web/cluster/philipjohnson10"
            kind="border"
            theme="[object Object]"
          >
            View
          </a>
        </td>
      </tr>
      <tr>
        <td />
        <td>
          <strong>
            teresastone14
          </strong>
        </td>
        <td>
          1.2.236
        </td>
        <td>
          23
        </td>
        <td>
          https://abc.example.com:333/web
        </td>
        <td
          align="right"
        >
          <a
            class="c14"
            href="/web/cluster/teresastone14"
            kind="border"
            theme="[object Object]"
          >
            View
          </a>
        </td>
      </tr>
      <tr>
        <td />
        <td>
          <strong>
            connorsharp137
          </strong>
        </td>
        <td>
          1.2.224
        </td>
        <td>
          23
        </td>
        <td>
          https://abc.example.com:333/web
        </td>
        <td
          align="right"
        >
          <a
            class="c14"
            href="/web/cluster/connorsharp137"
            kind="border"
            theme="[object Object]"
          >
            View
          </a>
        </td>
      </tr>
      <tr>
        <td />
        <td>
          <strong>
            ricardosingleton242
          </strong>
        </td>
        <td>
          1.2.105
        </td>
        <td>
          23
        </td>
        <td>
          https://abc.example.com:333/web
        </td>
        <td
          align="right"
        >
          <a
            class="c14"
            href="/web/cluster/ricardosingleton242"
            kind="border"
            theme="[object Object]"
          >
            View
          </a>
        </td>
      </tr>
      <tr>
        <td />
        <td>
          <strong>
            rozpaari
          </strong>
        </td>
        <td>
          1.2.3
        </td>
        <td>
          32
        </td>
        <td>
          https://abc.example.com:333/web
        </td>
        <td
          align="right"
        >
          <a
            class="c14"
            href="/web/cluster/rozpaari"
            kind="border"
            theme="[object Object]"
          >
            View
          </a>
        </td>
      </tr>
      <tr>
        <td />
        <td>
          <strong>
            wetjolune
          </strong>
        </td>
        <td>
          1.2.3
        </td>
        <td>
          8
        </td>
        <td>
          https://abc.example.com:333/web
        </td>
        <td
          align="right"
        >
          <a
            class="c14"
            href="/web/cluster/wetjolune"
            kind="border"
            theme="[object Object]"
          >
            View
          </a>
        </td>
      </tr>
      <tr>
        <td />
        <td>
          <strong>
            dashawic
          </strong>
        </td>
        <td>
          1.2.3
        </td>
        <td>
          11
        </td>
        <td>
          https://abc.example.com:333/web
        </td>
        <td
          align="right"
        >
          <a
            class="c14"
            href="/web/cluster/dashawic"
            kind="border"
            theme="[object Object]"
          >
            View
          </a>
        </td>
      </tr>
      <tr>
        <td />
        <td>
          <strong>
            williepayne223
          </strong>
        </td>
        <td>
          1.2.3
        </td>
        <td>
          23
        </td>
        <td>
          https://abc.example.com:333/web
        </td>
        <td
          align="right"
        >
          <a
            class="c14"
            href="/web/cluster/williepayne223"
            kind="border"
            theme="[object Object]"
          >
            View
          </a>
        </td>
      </tr>
      <tr>
        <td />
        <td>
          <strong>
            samlewis176
          </strong>
        </td>
        <td>
          1.2.84
        </td>
        <td>
          23
        </td>
        <td>
          https://abc.example.com:333/web
        </td>
        <td
          align="right"
        >
          <a
            class="c14"
            href="/web/cluster/samlewis176"
            kind="border"
            theme="[object Object]"
          >
            View
          </a>
        </td>
      </tr>
      <tr>
        <td />
        <td>
          <strong>
            nellwheeler72
          </strong>
        </td>
        <td>
          1.2.55
        </td>
        <td>
          23
        </td>
        <td>
          https://abc.example.com:333/web
        </td>
        <td
          align="right"
        >
          <a
            class="c14"
            href="/web/cluster/nellwheeler72"
            kind="border"
            theme="[object Object]"
          >
            View
          </a>
        </td>
      </tr>
      <tr>
        <td />
        <td>
          <strong>
            albertowens200
          </strong>
        </td>
        <td>
          1.2.144
        </td>
        <td>
          23
        </td>
        <td>
          https://abc.example.com:333/web
        </td>
        <td
          align="right"
        >
          <a
            class="c14"
            href="/web/cluster/albertowens200"
            kind="border"
            theme="[object Object]"
          >
            View
          </a>
        </td>
      </tr>
      <tr>
        <td />
        <td>
          <strong>
            beatricecarson171
          </strong>
        </td>
        <td>
          1.2.251
        </td>
        <td>
          23
        </td>
        <td>
          https://abc.example.com:333/web
        </td>
        <td
          align="right"
        >
          <a
            class="c14"
            href="/web/cluster/beatricecarson171"
            kind="border"
            theme="[object Object]"
          >
            View
          </a>
        </td>
      </tr>
      <tr>
        <td />
        <td>
          <strong>
            besscarroll152
          </strong>
        </td>
        <td>
          1.2.104
        </td>
        <td>
          23
        </td>
        <td>
          https://abc.example.com:333/web
        </td>
        <td
          align="right"
        >
          <a
            class="c14"
            href="/web/cluster/besscarroll152"
            kind="border"
            theme="[object Object]"
          >
            View
          </a>
        </td>
      </tr>
      <tr>
        <td />
        <td>
          <strong>
            hannahsutton232
          </strong>
        </td>
        <td>
          1.2.110
        </td>
        <td>
          23
        </td>
        <td>
          https://abc.example.com:333/web
        </td>
        <td
          align="right"
        >
          <a
            class="c14"
            href="/web/cluster/hannahsutton232"
            kind="border"
            theme="[object Object]"
          >
            View
          </a>
        </td>
      </tr>
      <tr>
        <td />
        <td>
          <strong>
            barrynelson110
          </strong>
        </td>
        <td>
          1.2.199
        </td>
        <td>
          23
        </td>
        <td>
          https://abc.example.com:333/web
        </td>
        <td
          align="right"
        >
          <a
            class="c14"
            href="/web/cluster/barrynelson110"
            kind="border"
            theme="[object Object]"
          >
            View
          </a>
        </td>
      </tr>
      <tr>
        <td />
        <td>
          <strong>
            rozpaari
          </strong>
        </td>
        <td>
          1.2.3
        </td>
        <td>
          32
        </td>
        <td>
          https://abc.example.com:333/web
        </td>
        <td
          align="right"
        >
          <a
            class="c14"
            href="/web/cluster/rozpaari"
            kind="border"
            theme="[object Object]"
          >
            View
          </a>
        </td>
      </tr>
      <tr>
        <td />
        <td>
          <strong>
            wetjolune
          </strong>
        </td>
        <td>
          1.2.3
        </td>
        <td>
          8
        </td>
        <td>
          https://abc.example.com:333/web
        </td>
        <td
          align="right"
        >
          <a
            class="c14"
            href="/web/cluster/wetjolune"
            kind="border"
            theme="[object Object]"
          >
            View
          </a>
        </td>
      </tr>
      <tr>
        <td />
        <td>
          <strong>
            dashawic
          </strong>
        </td>
        <td>
          1.2.3
        </td>
        <td>
          11
        </td>
        <td>
          https://abc.example.com:333/web
        </td>
        <td
          align="right"
        >
          <a
            class="c14"
            href="/web/cluster/dashawic"
            kind="border"
            theme="[object Object]"
          >
            View
          </a>
        </td>
      </tr>
      <tr>
        <td />
        <td>
          <strong>
            henriettarios78
          </strong>
        </td>
        <td>
          1.2.153
        </td>
        <td>
          23
        </td>
        <td>
          https://abc.example.com:333/web
        </td>
        <td
          align="right"
        >
          <a
            class="c14"
            href="/web/cluster/henriettarios78"
            kind="border"
            theme="[object Object]"
          >
            View
          </a>
        </td>
      </tr>
      <tr>
        <td />
        <td>
          <strong>
            josephinewolfe55
          </strong>
        </td>
        <td>
          1.2.154
        </td>
        <td>
          23
        </td>
        <td>
          https://abc.example.com:333/web
        </td>
        <td
          align="right"
        >
          <a
            class="c14"
            href="/web/cluster/josephinewolfe55"
            kind="border"
            theme="[object Object]"
          >
            View
          </a>
        </td>
      </tr>
      <tr>
        <td />
        <td>
          <strong>
            jaysandoval137
          </strong>
        </td>
        <td>
          1.2.66
        </td>
        <td>
          23
        </td>
        <td>
          https://abc.example.com:333/web
        </td>
        <td
          align="right"
        >
          <a
            class="c14"
            href="/web/cluster/jaysandoval137"
            kind="border"
            theme="[object Object]"
          >
            View
          </a>
        </td>
      </tr>
      <tr>
        <td />
        <td>
          <strong>
            isabellekim81
          </strong>
        </td>
        <td>
          1.2.150
        </td>
        <td>
          23
        </td>
        <td>
          https://abc.example.com:333/web
        </td>
        <td
          align="right"
        >
          <a
            class="c14"
            href="/web/cluster/isabellekim81"
            kind="border"
            theme="[object Object]"
          >
            View
          </a>
        </td>
      </tr>
      <tr>
        <td />
        <td>
          <strong>
            francismoran134
          </strong>
        </td>
        <td>
          1.2.82
        </td>
        <td>
          23
        </td>
        <td>
          https://abc.example.com:333/web
        </td>
        <td
          align="right"
        >
          <a
            class="c14"
            href="/web/cluster/francismoran134"
            kind="border"
            theme="[object Object]"
          >
            View
          </a>
        </td>
      </tr>
      <tr>
        <td />
        <td>
          <strong>
            theodorefrazier78
          </strong>
        </td>
        <td>
          1.2.61
        </td>
        <td>
          23
        </td>
        <td>
          https://abc.example.com:333/web
        </td>
        <td
          align="right"
        >
          <a
            class="c14"
            href="/web/cluster/theodorefrazier78"
            kind="border"
            theme="[object Object]"
          >
            View
          </a>
        </td>
      </tr>
      <tr>
        <td />
        <td>
          <strong>
            hattiestanley34
          </strong>
        </td>
        <td>
          1.2.93
        </td>
        <td>
          23
        </td>
        <td>
          https://abc.example.com:333/web
        </td>
        <td
          align="right"
        >
          <a
            class="c14"
            href="/web/cluster/hattiestanley34"
            kind="border"
            theme="[object Object]"
          >
            View
          </a>
        </td>
      </tr>
      <tr>
        <td />
        <td>
          <strong>
            tommybrooks146
          </strong>
        </td>
        <td>
          1.2.112
        </td>
        <td>
          23
        </td>
        <td>
          https://abc.example.com:333/web
        </td>
        <td
          align="right"
        >
          <a
            class="c14"
            href="/web/cluster/tommybrooks146"
            kind="border"
            theme="[object Object]"
          >
            View
          </a>
        </td>
      </tr>
    </tbody>
  </table>
</div>
`;
