// Jest Snapshot v1, https://goo.gl/fbAQLP

exports[`rendering of SideNav 1`] = `
.c4 {
  display: inline-block;
  transition: color .3s;
  margin-left: -40px;
  margin-right: 16px;
  color: #FFFFFF;
  font-size: 18px;
}

.c0 {
  box-sizing: border-box;
  margin-top: -16px;
  height: 100%;
}

.c1 {
  background: #222C59;
  border-right: 1px solid #111B48;
  min-width: 240px;
  width: 240px;
  overflow: auto;
  height: 100%;
  display: flex;
  flex-direction: column;
}

.c3 {
  box-sizing: border-box;
  padding-left: 64px;
  padding-right: 32px;
  color: rgba(255,255,255,0.87);
  background-color: #1C254D;
  display: flex;
  min-height: 56px;
  align-items: center;
  justify-content: flex-start;
  border-left: 4px solid transparent;
  cursor: pointer;
  outline: none;
  text-decoration: none;
  width: 100%;
  background: #222C59;
  color: rgba(255,255,255,0.56);
  font-size: 12px;
  font-weight: 600;
}

.c3:active,
.c3.active {
  border-left-color: #651FFF;
  background: #2C3A73;
  color: #FFFFFF;
}

.c3:hover,
.c3:focus {
  background: #2C3A73;
  color: #FFFFFF;
}

.c5 {
  display: inline-block;
  transition: color .3s;
  margin-left: -40px;
  margin-right: 16px;
  color: #FFFFFF;
  font-size: 18px;
  opacity: 0.56;
}

.c2:active .c5,
.c2.active .c5 {
  opacity: 1;
}

.c2:focus .c5,
.c2:hover .c5 {
  opacity: 1;
}

<div
  class="c0"
  height="100%"
  style="position: absolute; overflow: hidden;"
>
  <nav
    class="c1"
  >
    <a
      bg="primary.main"
      class="sc-fzqBZW c2 c3"
      color="text.primary"
      href="/web/site/apartment"
      pl="9"
      pr="5"
      theme="[object Object]"
    >
      <span
        class="c4 icon icon-apartment sc-AxjAm c5"
        color="light"
        font-size="4"
      />
      Apartment
    </a>
    <a
      bg="primary.main"
      class="sc-fzqBZW c2 c3"
      color="text.primary"
      href="/web/site/apple"
      pl="9"
      pr="5"
      theme="[object Object]"
    >
      <span
        class="c4 icon icon-apple sc-AxjAm c5"
        color="light"
        font-size="4"
      />
      Apple
    </a>
    <a
      bg="primary.main"
      class="sc-fzqBZW c2 c3"
      color="text.primary"
      href="/web/site/camera"
      pl="9"
      pr="5"
      theme="[object Object]"
    >
      <span
        class="c4 icon icon-camera sc-AxjAm c5"
        color="light"
        font-size="4"
      />
      Camera
    </a>
  </nav>
</div>
`;
