// Jest Snapshot v1, https://goo.gl/fbAQLP

exports[`success state 1`] = `
.c3 {
  line-height: 1.5;
  margin: 0;
  display: inline-flex;
  justify-content: center;
  align-items: center;
  box-sizing: border-box;
  border: none;
  border-radius: 4px;
  cursor: pointer;
  font-family: inherit;
  font-weight: 600;
  outline: none;
  position: relative;
  text-align: center;
  text-decoration: none;
  text-transform: uppercase;
  transition: all 0.3s;
  -webkit-font-smoothing: antialiased;
  background: #512FC9;
  color: rgba(255,255,255,0.87);
  min-height: 32px;
  font-size: 12px;
  padding: 0px 24px;
  margin-left: auto;
  width: 240px;
}

.c3:active {
  opacity: 0.56;
}

.c3:hover,
.c3:focus {
  background: #651FFF;
}

.c3:active {
  background: #354AA4;
}

.c3:disabled {
  background: rgba(255,255,255,0.12);
  color: rgba(255,255,255,0.3);
}

.c15 {
  line-height: 1.5;
  margin: 0;
  display: inline-flex;
  justify-content: center;
  align-items: center;
  box-sizing: border-box;
  border: none;
  border-radius: 4px;
  cursor: pointer;
  font-family: inherit;
  font-weight: 600;
  outline: none;
  position: relative;
  text-align: center;
  text-decoration: none;
  text-transform: uppercase;
  transition: all 0.3s;
  -webkit-font-smoothing: antialiased;
  background: #2C3A73;
  border: 1px solid #1C254D;
  opacity: .87;
  color: rgba(255,255,255,0.87);
  font-size: 10px;
  min-height: 24px;
  padding: 0px 16px;
  height: 24px;
}

.c15:active {
  opacity: 0.56;
}

.c15:hover,
.c15:focus {
  background: #2C3A73;
  border: 1px solid rgba(255,255,255,0.1);
  opacity: 1;
}

.c15:active {
  opacity: 0.24;
}

.c15:disabled {
  background: rgba(255,255,255,0.12);
  color: rgba(255,255,255,0.3);
}

.c10 {
  display: inline-block;
  transition: color .3s;
  color: #FFFFFF;
  font-size: 16px;
}

.c13 {
  display: inline-block;
  transition: color .3s;
  color: #FFFFFF;
}

.c16 {
  display: inline-block;
  transition: color .3s;
  margin-left: 8px;
  margin-right: -8px;
  color: rgba(255,255,255,0.56);
  font-size: 14px;
}

.c14 {
  box-sizing: border-box;
  border-radius: 100px;
  display: inline-flex;
  align-items: center;
  justify-content: center;
  min-height: 16px;
  line-height: 1.4;
  font-size: 10px;
  font-weight: 500;
  padding: 0 8px;
  background-color: #111B48;
  color: rgba(255,255,255,0.87);
  margin-bottom: 4px;
  margin-right: 4px;
}

.c7 {
  overflow: hidden;
  text-overflow: ellipsis;
  font-weight: 400;
  font-size: 12px;
  line-height: 16px;
  margin: 0px;
  color: #FFFFFF;
}

.c4 {
  box-sizing: border-box;
  margin-bottom: 24px;
  flex: 0 0 auto;
  display: flex;
}

.c1 {
  box-sizing: border-box;
  margin-bottom: 24px;
  display: flex;
  align-items: center;
  flex-shrink: 0;
  border-bottom: 1px solid #1C254D;
  height: 56px;
  margin-left: -40px;
  margin-right: -40px;
  padding-left: 40px;
  padding-right: 40px;
}

.c2 {
  overflow: hidden;
  text-overflow: ellipsis;
  font-weight: 300;
  font-size: 22px;
  line-height: 32px;
  margin: 0px;
  white-space: nowrap;
}

.c0 {
  box-sizing: border-box;
  padding-left: 40px;
  padding-right: 40px;
  display: flex;
  overflow: auto;
  width: 100%;
  height: 100%;
  flex-direction: column;
}

.c0::after {
  content: ' ';
  padding-bottom: 24px;
}

.c11 {
  background: #222C59;
  box-shadow: 0 4px 16px rgba(0,0,0,0.24);
  border-collapse: collapse;
  border-spacing: 0;
  border-radius: 8px;
  font-size: 12px;
  width: 100%;
}

.c11 > thead > tr > th,
.c11 > tbody > tr > th,
.c11 > tfoot > tr > th,
.c11 > thead > tr > td,
.c11 > tbody > tr > td,
.c11 > tfoot > tr > td {
  padding: 8px 8px;
  vertical-align: middle;
}

.c11 > thead > tr > th:first-child,
.c11 > tbody > tr > th:first-child,
.c11 > tfoot > tr > th:first-child,
.c11 > thead > tr > td:first-child,
.c11 > tbody > tr > td:first-child,
.c11 > tfoot > tr > td:first-child {
  padding-left: 24px;
}

.c11 > thead > tr > th:last-child,
.c11 > tbody > tr > th:last-child,
.c11 > tfoot > tr > th:last-child,
.c11 > thead > tr > td:last-child,
.c11 > tbody > tr > td:last-child,
.c11 > tfoot > tr > td:last-child {
  padding-right: 24px;
}

.c11 > thead > tr > th {
  background: #111B48;
  color: #FFFFFF;
  cursor: pointer;
  font-size: 10px;
  font-weight: 400;
  padding-bottom: 0;
  padding-top: 0;
  text-align: left;
  opacity: 0.75;
  text-transform: uppercase;
  white-space: nowrap;
}

.c11 > thead > tr > th .c9 {
  font-weight: bold;
  font-size: 8px;
  margin-left: 8px;
}

.c11 > tbody > tr > td {
  color: rgba(255,255,255,0.87);
  line-height: 16px;
}

.c11 tbody tr {
  border-bottom: 1px solid #1C254D;
}

.c11 tbody tr:hover {
  background-color: rgb(37,49,98);
}

.c11 tbody tr:hover:last-child td:first-child {
  border-bottom-left-radius: 8px;
}

.c11 tbody tr:hover:last-child td:last-child {
  border-bottom-right-radius: 8px;
}

.c8 {
  box-sizing: border-box;
  display: flex;
}

.c8 button {
  background: none;
  border: none;
  border-radius: 200px;
  cursor: pointer;
  padding: 0;
  margin: 0 0 0 8px;
  outline: none;
  transition: all 0.3s;
  text-align: center;
}

.c8 button:hover,
.c8 button:focus {
  background: #1C254D;
}

.c8 button:hover .c9,
.c8 button:focus .c9 {
  opacity: 1;
}

.c8 button .c9 {
  opacity: 0.4;
  font-size: 20px;
  transition: all 0.3s;
}

.c6 {
  padding: 8px 24px;
  display: flex;
  height: 24px;
  flex-shrink: 0;
  align-items: center;
  justify-content: space-between;
  background: #222C59;
  border-top-left-radius: 8px;
  border-top-right-radius: 8px;
}

.c5 {
  box-sizing: border-box;
  font-size: 12px;
  min-width: 200px;
  outline: none;
  border: none;
  border-radius: 200px;
  height: 32px;
  transition: all .2s;
  background: #222C59;
  padding-left: 16px;
  padding-right: 16px;
  color: rgba(255,255,255,0.87);
}

.c5:hover {
  background: #2C3A73;
}

.c5:focus,
.c5:active {
  background: #2C3A73;
  box-shadow: inset 0 2px 4px rgba(0,0,0,.24);
  color: rgba(255,255,255,0.87);
}

.c5::placeholder {
  color: rgba(255,255,255,0.24);
  font-size: 12px;
}

.c12 > tbody > tr > td {
  vertical-align: baseline;
}

<div>
  <div
    class="sc-AxirZ c0"
  >
    <div
      class="sc-AxirZ c1"
    >
      <div
        class="c2"
      >
        Users
      </div>
      <button
        class="c3"
        kind="primary"
        width="240px"
      >
        Create New User
      </button>
    </div>
    <div
      class="sc-AxirZ c4"
    >
      <input
        class="c5"
        color="text.primary"
        placeholder="SEARCH..."
        value=""
      />
    </div>
    <div>
      <nav
        class="c6"
      >
        <div
          class="c7"
          color="primary.contrastText"
        >
          SHOWING 
          <strong>
            1
          </strong>
           - 
          <strong>
            6
          </strong>
           
          of 
          <strong>
            6
          </strong>
        </div>
        <div
          class="sc-AxirZ c8"
        >
          <button
            disabled=""
            title="Previous Page"
          >
            <span
              class="c9 c10 icon icon-arrow-left-circle "
              color="light"
              font-size="3"
            />
          </button>
          <button
            disabled=""
            title="Next Page"
          >
            <span
              class="c9 c10 icon icon-arrow-right-circle "
              color="light"
              font-size="3"
            />
          </button>
        </div>
      </nav>
      <table
        class="c11 c12"
      >
        <thead>
          <tr>
            <th>
              <a>
                Username
                <span
                  class="c9 c13 icon icon-chevron-up "
                  color="light"
                />
              </a>
            </th>
            <th>
              <a>
                Roles
                <span
                  class="c9 c13 icon icon-chevrons-expand-vertical "
                  color="light"
                />
              </a>
            </th>
            <th>
              <a>
                Type
                <span
                  class="c9 c13 icon icon-chevrons-expand-vertical "
                  color="light"
                />
              </a>
            </th>
            <th />
          </tr>
        </thead>
        <tbody>
          <tr>
            <td>
              azesotil@jevig.org
            </td>
            <td>
              <div
                class="c14"
                kind="secondary"
              >
                tugu
              </div>
            </td>
            <td
              style="text-transform: capitalize;"
            >
              teleport local user
            </td>
            <td
              align="right"
            >
              <button
                class="c15"
                height="24px"
                kind="border"
              >
                OPTIONS
                <span
                  class="c9 c16 icon icon-caret-down "
                  color="text.secondary"
                  font-size="2"
                />
              </button>
            </td>
          </tr>
          <tr>
            <td>
              cikar@egaposci.me
            </td>
            <td>
              <div
                class="c14"
                kind="secondary"
              >
                admin
              </div>
            </td>
            <td
              style="text-transform: capitalize;"
            >
              teleport local user
            </td>
            <td
              align="right"
            >
              <button
                class="c15"
                height="24px"
                kind="border"
              >
                OPTIONS
                <span
                  class="c9 c16 icon icon-caret-down "
                  color="text.secondary"
                  font-size="2"
                />
              </button>
            </td>
          </tr>
          <tr>
            <td>
              hi@nen.pa
            </td>
            <td>
              <div
                class="c14"
                kind="secondary"
              >
                admin
              </div>
              <div
                class="c14"
                kind="secondary"
              >
                ruhh
              </div>
            </td>
            <td
              style="text-transform: capitalize;"
            >
              teleport local user
            </td>
            <td
              align="right"
            >
              <button
                class="c15"
                height="24px"
                kind="border"
              >
                OPTIONS
                <span
                  class="c9 c16 icon icon-caret-down "
                  color="text.secondary"
                  font-size="2"
                />
              </button>
            </td>
          </tr>
          <tr>
            <td>
              jap@kosusfaw.mp
            </td>
            <td>
              <div
                class="c14"
                kind="secondary"
              >
                abc
              </div>
              <div
                class="c14"
                kind="secondary"
              >
                anavebikilonim
              </div>
              <div
                class="c14"
                kind="secondary"
              >
                dupiwuzocafe
              </div>
              <div
                class="c14"
                kind="secondary"
              >
                duzjadj
              </div>
              <div
                class="c14"
                kind="secondary"
              >
                ubip
              </div>
            </td>
            <td
              style="text-transform: capitalize;"
            >
              oidc
            </td>
            <td
              align="right"
            />
          </tr>
          <tr>
            <td>
              pamkad@ukgir.ki
            </td>
            <td>
              <div
                class="c14"
                kind="secondary"
              >
                valvapel
              </div>
              <div
                class="c14"
                kind="secondary"
              >
                vedkonm
              </div>
              <div
                class="c14"
                kind="secondary"
              >
                vuit
              </div>
            </td>
            <td
              style="text-transform: capitalize;"
            >
              saml
            </td>
            <td
              align="right"
            />
          </tr>
          <tr>
            <td>
              ziat@uthatebo.sl
            </td>
            <td>
              <div
                class="c14"
                kind="secondary"
              >
                admin
              </div>
              <div
                class="c14"
                kind="secondary"
              >
                kaco
              </div>
              <div
                class="c14"
                kind="secondary"
              >
                ziuzzow
              </div>
            </td>
            <td
              style="text-transform: capitalize;"
            >
              github
            </td>
            <td
              align="right"
            />
          </tr>
        </tbody>
      </table>
    </div>
  </div>
</div>
`;
