// Jest Snapshot v1, https://goo.gl/fbAQLP

exports[`rendering of SideNav 1`] = `
.c6 {
  display: inline-block;
  transition: color 0.3s;
  margin-left: -40px;
  margin-right: 16px;
  color: inherit;
  font-size: 16px;
}

.c9 {
  display: inline-block;
  transition: color 0.3s;
  margin-left: auto;
  margin-right: -8px;
  color: inherit;
}

.c13 {
  display: inline-block;
  transition: color 0.3s;
  margin-left: -40px;
  margin-right: 8px;
  color: inherit;
  font-size: 14px;
}

.c0 {
  box-sizing: border-box;
  margin-top: -16px;
  margin-left: -16px;
  margin-right: -16px;
  height: 100%;
}

.c3 {
  display: block;
  outline: none;
  margin-left: 16px;
  margin-right: 16px;
  max-width: 160px;
  max-height: 24px;
}

.c7 {
  display: inline-block;
  transition: color 0.3s;
  margin-left: -40px;
  margin-right: 16px;
  color: inherit;
  font-size: 16px;
}

.c14 {
  display: inline-block;
  transition: color 0.3s;
  margin-left: -40px;
  margin-right: 8px;
  color: inherit;
  font-size: 14px;
}

.c5 {
  box-sizing: border-box;
  display: flex;
  align-items: center;
  justify-content: flex-start;
  border: none;
  border-left: 4px solid transparent;
  cursor: pointer;
  outline: none;
  text-decoration: none;
  width: 100%;
  line-height: 24px;
  position: relative;
  font-size: 12px;
  font-weight: 400;
  font-family: Ubuntu2,-apple-system,BlinkMacSystemFont,"Segoe UI",Helvetica,Arial,sans-serif,"Apple Color Emoji","Segoe UI Emoji","Segoe UI Symbol";
  padding-left: 64px;
  padding-right: 32px;
  background: #222C59;
  color: rgba(255,255,255,0.56);
  min-height: 56px;
}

.c5:active,
.c5.active {
  border-left-color: #651FFF;
  background: #2C3A73;
  color: #FFFFFF;
  font-weight: 600;
}

.c5:active .marker,
.c5.active .marker {
  background: #651FFF;
}

.c5:hover {
  background: #2C3A73;
}

.c5:focus,
.c5:hover {
  color: #FFFFFF;
}

.c11 {
  box-sizing: border-box;
  display: flex;
  align-items: center;
  justify-content: flex-start;
  border: none;
  border-left: 4px solid transparent;
  cursor: pointer;
  outline: none;
  text-decoration: none;
  width: 100%;
  line-height: 24px;
  position: relative;
  font-size: 11px;
  font-weight: 400;
  font-family: Ubuntu2,-apple-system,BlinkMacSystemFont,"Segoe UI",Helvetica,Arial,sans-serif,"Apple Color Emoji","Segoe UI Emoji","Segoe UI Symbol";
  padding-left: 96px;
  padding-right: 32px;
  background: none;
  color: rgba(255,255,255,0.56);
  min-height: 40px;
}

.c11:active,
.c11.active {
  border-left-color: none;
  background: #2C3A73;
  color: #FFFFFF;
  font-weight: 600;
}

.c11:active .marker,
.c11.active .marker {
  background: #651FFF;
}

.c11:hover {
  background: #2C3A73;
}

.c11:focus,
.c11:hover {
  color: #FFFFFF;
}

.c10 {
  background: linefar-gradient(140deg,#2C3A73,#222C59);
}

.c12 {
  height: 8px;
  width: 8px;
  position: absolute;
  top: 16px;
  left: 26px;
}

.c8 {
  margin: 0;
  box-sizing: border-box;
  display: flex;
  align-items: center;
  justify-content: flex-start;
  border: none;
  border-left: 4px solid transparent;
  cursor: pointer;
  outline: none;
  text-decoration: none;
  width: 100%;
  line-height: 24px;
  font-size: 12px;
  font-weight: 400;
  font-family: Ubuntu2,-apple-system,BlinkMacSystemFont,"Segoe UI",Helvetica,Arial,sans-serif,"Apple Color Emoji","Segoe UI Emoji","Segoe UI Symbol";
  padding-left: 64px;
  padding-right: 32px;
  background: #222C59;
  color: rgba(255,255,255,0.56);
  min-height: 56px;
}

.c8.active {
  border-left-color: #651FFF;
  background: #2C3A73;
  color: #FFFFFF;
}

.c8.active .marker {
  background: #651FFF;
}

.c8:hover {
  background: #2C3A73;
}

.c8:hover,
.c8:focus {
  color: #FFFFFF;
}

.c2 {
  box-sizing: border-box;
  padding-left: 24px;
  width: 208px;
  display: flex;
  min-height: 56px;
  align-items: center;
  cursor: pointer;
  outline: none;
  text-decoration: none;
  width: 100%;
}

.c2:hover {
  background: #2C3A73;
  color: #FFFFFF;
}

.c1 {
  background: #222C59;
  border-right: 1px solid #111B48;
  min-width: 240px;
  width: 240px;
  overflow: auto;
  height: 100%;
  display: flex;
  flex-direction: column;
}

.c4 {
  display: flex;
  flex-direction: column;
  overflow: auto;
}

<div
  class="c0"
  height="100%"
  style="position: absolute; overflow: hidden;"
>
  <nav
    class="c1"
  >
    <a
      class="c2"
      href="/web"
      pl="4"
      theme="[object Object]"
      width="208px"
    >
      <img
        class="c3"
        src="file_stub"
      />
    </a>
    <div
      class="c4"
    >
      <a
        class="c5"
        href="/web/cluster/one/nodes"
      >
        <span
          class="c6 icon icon-server sc-AxjAm c7"
          color="inherit"
          font-size="16px"
        />
        Servers
      </a>
      <a
        class="c5"
        href="/web/cluster/one/apps"
      >
        <span
          class="c6 icon icon-new-tab sc-AxjAm c7"
          color="inherit"
          font-size="16px"
        />
        Applications
      </a>
      <a
        class="c5"
        href="/web/cluster/one/kubes"
      >
        <span
          class="c6 icon icon-kubernetes sc-AxjAm c7"
          color="inherit"
          font-size="16px"
        />
        Kubernetes
      </a>
      <button
        class="c8 actives"
      >
        <span
          class="c6 icon icon-users2 sc-AxjAm c7"
          color="inherit"
          font-size="16px"
        />
        Team
        <span
          class="c9 icon icon-chevron-down "
          color="inherit"
          style="font-size: 14px;"
        />
      </button>
      <div
        class="c10"
        style="display: block;"
      >
        <a
          class="c11"
          href="/web/users"
        >
          <div
            class="c12 marker"
          />
          <span
            class="c13 icon icon-users2 sc-AxjAm c14"
            color="inherit"
            font-size="2"
          />
          Users
        </a>
        <a
          aria-current="page"
          class="c11 active"
          href="/web/roles"
        >
          <div
            class="c12 marker"
          />
          <span
            class="c13 icon icon-profile sc-AxjAm c14"
            color="inherit"
            font-size="2"
          />
          Roles
        </a>
        <a
          class="c11"
          href="/web/sso"
        >
          <div
            class="c12 marker"
          />
          <span
            class="c13 icon icon-lock sc-AxjAm c14"
            color="inherit"
            font-size="2"
          />
          Auth. Connectors
        </a>
      </div>
      <button
        class="c8"
      >
        <span
          class="c6 icon icon-alarm-ringing sc-AxjAm c7"
          color="inherit"
          font-size="16px"
        />
        Activity
        <span
          class="c9 icon icon-chevron-right "
          color="inherit"
          style="font-size: 14px;"
        />
      </button>
      <div
        class="c10"
        style="display: none;"
      >
        <a
          class="c11"
          href="/web/cluster/one/sessions"
        >
          <div
            class="c12 marker"
          />
          <span
            class="c13 icon icon-cli sc-AxjAm c14"
            color="inherit"
            font-size="2"
          />
          Active Sessions
        </a>
        <a
          class="c11"
          href="/web/cluster/one/recordings"
        >
          <div
            class="c12 marker"
          />
          <span
            class="c13 icon icon-play-circle sc-AxjAm c14"
            color="inherit"
            font-size="2"
          />
          Session Recordings
        </a>
        <a
          class="c11"
          href="/web/cluster/one/audit"
        >
          <div
            class="c12 marker"
          />
          <span
            class="c13 icon icon-list1 sc-AxjAm c14"
            color="inherit"
            font-size="2"
          />
          Audit Log
        </a>
      </div>
      <button
        class="c8"
      >
        <span
          class="c6 icon icon-icons2 sc-AxjAm c7"
          color="inherit"
          font-size="16px"
        />
        Clusters
        <span
          class="c9 icon icon-chevron-right "
          color="inherit"
          style="font-size: 14px;"
        />
      </button>
      <div
        class="c10"
        style="display: none;"
      >
        <a
          class="c11"
          href="/web/clusters"
        >
          <div
            class="c12 marker"
          />
          <span
            class="c13 icon icon-equalizer1 sc-AxjAm c14"
            color="inherit"
            font-size="2"
          />
          Manage Clusters
        </a>
        <a
          class="c11"
          href="/web/trust"
        >
          <div
            class="c12 marker"
          />
          <span
            class="c13 icon icon-site-map sc-AxjAm c14"
            color="inherit"
            font-size="2"
          />
          Trust
        </a>
      </div>
    </div>
  </nav>
</div>
`;
