// Jest Snapshot v1, https://goo.gl/fbAQLP

exports[`rendering of Error Cards 1`] = `
.c2 {
  display: flex;
  align-items: center;
  justify-content: center;
  border-radius: 2px;
  box-sizing: border-box;
  box-shadow: 0 1px 4px rgba(0,0,0,0.24);
  margin: 0 0 24px 0;
  min-height: 40px;
  padding: 8px 16px;
  overflow: auto;
  word-break: break-word;
  line-height: 1.5;
  margin-bottom: 24px;
  margin-top: 8px;
  background: #f50057;
  color: #FFFFFF;
}

.c2 a {
  color: #FFFFFF;
}

.c0 {
  box-sizing: border-box;
  margin-left: auto;
  margin-right: auto;
  margin-top: 40px;
  margin-bottom: 40px;
  padding: 32px;
  width: 540px;
  color: #324148;
  background-color: #FFFFFF;
  box-shadow: 0 4px 16px rgba(0,0,0,0.24);
  border-radius: 8px;
}

.c1 {
  overflow: hidden;
  text-overflow: ellipsis;
  font-weight: 300;
  font-size: 28px;
  line-height: 32px;
  margin: 0px;
  margin-bottom: 24px;
  text-align: center;
}

<div
  class="c0"
  color="text.onLight"
  width="540px"
>
  <div
    class="c1"
  >
    404 Not Found
  </div>
  <div
    class="c2"
    kind="danger"
  >
    some error message
  </div>
   
</div>
`;
